Component: ARM Compiler 5.06 update 7 (build 960) Tool: armlink [4d3601]

==============================================================================

Section Cross References

    startup_stm32g473xx.o(RESET) refers to startup_stm32g473xx.o(STACK) for __initial_sp
    startup_stm32g473xx.o(RESET) refers to startup_stm32g473xx.o(.text) for Reset_Handler
    startup_stm32g473xx.o(RESET) refers to stm32g4xx_it.o(i.NMI_Handler) for NMI_Handler
    startup_stm32g473xx.o(RESET) refers to stm32g4xx_it.o(i.HardFault_Handler) for HardFault_Handler
    startup_stm32g473xx.o(RESET) refers to stm32g4xx_it.o(i.MemManage_Handler) for MemManage_Handler
    startup_stm32g473xx.o(RESET) refers to stm32g4xx_it.o(i.BusFault_Handler) for BusFault_Handler
    startup_stm32g473xx.o(RESET) refers to stm32g4xx_it.o(i.UsageFault_Handler) for UsageFault_Handler
    startup_stm32g473xx.o(RESET) refers to stm32g4xx_it.o(i.SVC_Handler) for SVC_Handler
    startup_stm32g473xx.o(RESET) refers to stm32g4xx_it.o(i.DebugMon_Handler) for DebugMon_Handler
    startup_stm32g473xx.o(RESET) refers to stm32g4xx_it.o(i.PendSV_Handler) for PendSV_Handler
    startup_stm32g473xx.o(RESET) refers to stm32g4xx_it.o(i.SysTick_Handler) for SysTick_Handler
    startup_stm32g473xx.o(RESET) refers to stm32g4xx_it.o(i.ADC1_2_IRQHandler) for ADC1_2_IRQHandler
    startup_stm32g473xx.o(RESET) refers to stm32g4xx_it.o(i.USART1_IRQHandler) for USART1_IRQHandler
    startup_stm32g473xx.o(RESET) refers to stm32g4xx_it.o(i.USART2_IRQHandler) for USART2_IRQHandler
    startup_stm32g473xx.o(RESET) refers to stm32g4xx_it.o(i.USART3_IRQHandler) for USART3_IRQHandler
    startup_stm32g473xx.o(RESET) refers to stm32g4xx_it.o(i.EXTI15_10_IRQHandler) for EXTI15_10_IRQHandler
    startup_stm32g473xx.o(RESET) refers to stm32g4xx_it.o(i.TIM20_UP_IRQHandler) for TIM20_UP_IRQHandler
    startup_stm32g473xx.o(.text) refers to system_stm32g4xx.o(i.SystemInit) for SystemInit
    startup_stm32g473xx.o(.text) refers to entry.o(.ARM.Collect$$$$00000000) for __main
    main.o(i.ADC_Select_CH13) refers to memseta.o(.text) for __aeabi_memclr4
    main.o(i.ADC_Select_CH13) refers to stm32g4xx_hal_adc.o(i.HAL_ADC_ConfigChannel) for HAL_ADC_ConfigChannel
    main.o(i.ADC_Select_CH13) refers to main.o(i.Error_Handler) for Error_Handler
    main.o(i.ADC_Select_CH13) refers to main.o(.bss) for .bss
    main.o(i.ADC_Select_CH17) refers to memseta.o(.text) for __aeabi_memclr4
    main.o(i.ADC_Select_CH17) refers to stm32g4xx_hal_adc.o(i.HAL_ADC_ConfigChannel) for HAL_ADC_ConfigChannel
    main.o(i.ADC_Select_CH17) refers to main.o(i.Error_Handler) for Error_Handler
    main.o(i.ADC_Select_CH17) refers to main.o(.bss) for .bss
    main.o(i.ADC_Select_CH3) refers to memseta.o(.text) for __aeabi_memclr4
    main.o(i.ADC_Select_CH3) refers to stm32g4xx_hal_adc.o(i.HAL_ADC_ConfigChannel) for HAL_ADC_ConfigChannel
    main.o(i.ADC_Select_CH3) refers to main.o(i.Error_Handler) for Error_Handler
    main.o(i.ADC_Select_CH3) refers to main.o(.bss) for .bss
    main.o(i.ADC_Select_CH4) refers to memseta.o(.text) for __aeabi_memclr4
    main.o(i.ADC_Select_CH4) refers to stm32g4xx_hal_adc.o(i.HAL_ADC_ConfigChannel) for HAL_ADC_ConfigChannel
    main.o(i.ADC_Select_CH4) refers to main.o(i.Error_Handler) for Error_Handler
    main.o(i.ADC_Select_CH4) refers to main.o(.bss) for .bss
    main.o(i.BCD_Decoder) refers to main.o(.bss) for .bss
    main.o(i.BCD_Decoder) refers to main.o(.data) for .data
    main.o(i.Error_Handler) refers to printfa.o(i.__0printf) for __2printf
    main.o(i.HAL_GPIO_EXTI_Callback) refers to stm32g4xx_hal_gpio.o(i.HAL_GPIO_WritePin) for HAL_GPIO_WritePin
    main.o(i.HAL_GPIO_EXTI_Callback) refers to printfa.o(i.__0printf) for __2printf
    main.o(i.HAL_UART_ErrorCallback) refers to printfa.o(i.__0printf) for __2printf
    main.o(i.HAL_UART_ErrorCallback) refers to stm32g4xx_hal_uart.o(i.HAL_UART_Abort) for HAL_UART_Abort
    main.o(i.HAL_UART_ErrorCallback) refers to stm32g4xx_hal_uart.o(i.HAL_UART_Receive_IT) for HAL_UART_Receive_IT
    main.o(i.HAL_UART_ErrorCallback) refers to main.o(.bss) for .bss
    main.o(i.HAL_UART_RxCpltCallback) refers to printfa.o(i.__0printf) for __2printf
    main.o(i.HAL_UART_RxCpltCallback) refers to stm32g4xx_hal_uart.o(i.HAL_UART_Receive_IT) for HAL_UART_Receive_IT
    main.o(i.HAL_UART_RxCpltCallback) refers to memseta.o(.text) for __aeabi_memclr
    main.o(i.HAL_UART_RxCpltCallback) refers to gps.o(i.GPS_UART_CallBack) for GPS_UART_CallBack
    main.o(i.HAL_UART_RxCpltCallback) refers to gps.o(i.GPS2_UART_CallBack) for GPS2_UART_CallBack
    main.o(i.HAL_UART_RxCpltCallback) refers to main.o(.bss) for .bss
    main.o(i.MX_ADC1_Init) refers to memseta.o(.text) for __aeabi_memclr4
    main.o(i.MX_ADC1_Init) refers to stm32g4xx_hal_adc.o(i.HAL_ADC_Init) for HAL_ADC_Init
    main.o(i.MX_ADC1_Init) refers to stm32g4xx_hal_adc_ex.o(i.HAL_ADCEx_MultiModeConfigChannel) for HAL_ADCEx_MultiModeConfigChannel
[...]
    i.HAL_UARTEx_TxFifoEmptyCallback         0x0800499a   Section        0  stm32g4xx_hal_uart_ex.o(i.HAL_UARTEx_TxFifoEmptyCallback)
    i.HAL_UARTEx_WakeupCallback              0x0800499c   Section        0  stm32g4xx_hal_uart_ex.o(i.HAL_UARTEx_WakeupCallback)
    i.HAL_UART_Abort                         0x0800499e   Section        0  stm32g4xx_hal_uart.o(i.HAL_UART_Abort)
    i.HAL_UART_ErrorCallback                 0x08004aa8   Section        0  main.o(i.HAL_UART_ErrorCallback)
    i.HAL_UART_GetState                      0x08004af0   Section        0  stm32g4xx_hal_uart.o(i.HAL_UART_GetState)
    i.HAL_UART_IRQHandler                    0x08004afc   Section        0  stm32g4xx_hal_uart.o(i.HAL_UART_IRQHandler)
    i.HAL_UART_Init                          0x08004e38   Section        0  stm32g4xx_hal_uart.o(i.HAL_UART_Init)
    i.HAL_UART_MspInit                       0x08004ea8   Section        0  stm32g4xx_hal_msp.o(i.HAL_UART_MspInit)
    i.HAL_UART_Receive_IT                    0x08004ff8   Section        0  stm32g4xx_hal_uart.o(i.HAL_UART_Receive_IT)
    i.HAL_UART_RxCpltCallback                0x08005058   Section        0  main.o(i.HAL_UART_RxCpltCallback)
    i.HAL_UART_Transmit                      0x080050d0   Section        0  stm32g4xx_hal_uart.o(i.HAL_UART_Transmit)
    i.HAL_UART_TxCpltCallback                0x080051a6   Section        0  stm32g4xx_hal_uart.o(i.HAL_UART_TxCpltCallback)
    i.HardFault_Handler                      0x080051a8   Section        0  stm32g4xx_it.o(i.HardFault_Handler)
    i.I2C_Flush_TXDR                         0x080051aa   Section        0  stm32g4xx_hal_i2c.o(i.I2C_Flush_TXDR)
    I2C_Flush_TXDR                           0x080051ab   Thumb Code    34  stm32g4xx_hal_i2c.o(i.I2C_Flush_TXDR)
    i.I2C_IsErrorOccurred                    0x080051cc   Section        0  stm32g4xx_hal_i2c.o(i.I2C_IsErrorOccurred)
    I2C_IsErrorOccurred                      0x080051cd   Thumb Code   286  stm32g4xx_hal_i2c.o(i.I2C_IsErrorOccurred)
    i.I2C_RequestMemoryRead                  0x080052f0   Section        0  stm32g4xx_hal_i2c.o(i.I2C_RequestMemoryRead)
    I2C_RequestMemoryRead                    0x080052f1   Thumb Code   120  stm32g4xx_hal_i2c.o(i.I2C_RequestMemoryRead)
    i.I2C_TransferConfig                     0x0800536c   Section        0  stm32g4xx_hal_i2c.o(i.I2C_TransferConfig)
    I2C_TransferConfig                       0x0800536d   Thumb Code    50  stm32g4xx_hal_i2c.o(i.I2C_TransferConfig)
    i.I2C_WaitOnFlagUntilTimeout             0x080053a4   Section        0  stm32g4xx_hal_i2c.o(i.I2C_WaitOnFlagUntilTimeout)
    I2C_WaitOnFlagUntilTimeout               0x080053a5   Thumb Code   108  stm32g4xx_hal_i2c.o(i.I2C_WaitOnFlagUntilTimeout)
    i.I2C_WaitOnSTOPFlagUntilTimeout         0x08005410   Section        0  stm32g4xx_hal_i2c.o(i.I2C_WaitOnSTOPFlagUntilTimeout)
    I2C_WaitOnSTOPFlagUntilTimeout           0x08005411   Thumb Code    88  stm32g4xx_hal_i2c.o(i.I2C_WaitOnSTOPFlagUntilTimeout)
    i.I2C_WaitOnTXISFlagUntilTimeout         0x08005468   Section        0  stm32g4xx_hal_i2c.o(i.I2C_WaitOnTXISFlagUntilTimeout)
    I2C_WaitOnTXISFlagUntilTimeout           0x08005469   Thumb Code    94  stm32g4xx_hal_i2c.o(i.I2C_WaitOnTXISFlagUntilTimeout)
    i.LCD_Clear                              0x080054c6   Section        0  lcd.o(i.LCD_Clear)
    i.LCD_Enable                             0x080054d8   Section        0  lcd.o(i.LCD_Enable)
    i.LCD_Gotoxy                             0x08005504   Section        0  lcd.o(i.LCD_Gotoxy)
    i.LCD_Init                               0x08005528   Section        0  lcd.o(i.LCD_Init)
    i.LCD_Putc                               0x08005594   Section        0  lcd.o(i.LCD_Putc)
    i.LCD_Puts                               0x080055bc   Section        0  lcd.o(i.LCD_Puts)
    i.LCD_Send4Bit                           0x080055d4   Section        0  lcd.o(i.LCD_Send4Bit)
    i.LCD_SendCommand                        0x08005618   Section        0  lcd.o(i.LCD_SendCommand)
    i.MX_ADC1_Init                           0x08005634   Section        0  main.o(i.MX_ADC1_Init)
    MX_ADC1_Init                             0x08005635   Thumb Code   130  main.o(i.MX_ADC1_Init)
    i.MX_ADC2_Init                           0x080056c0   Section        0  main.o(i.MX_ADC2_Init)
    MX_ADC2_Init                             0x080056c1   Thumb Code   164  main.o(i.MX_ADC2_Init)
    i.MX_GPIO_Init                           0x0800577c   Section        0  main.o(i.MX_GPIO_Init)
    MX_GPIO_Init                             0x0800577d   Thumb Code   258  main.o(i.MX_GPIO_Init)
    i.MX_I2C2_Init                           0x0800588c   Section        0  main.o(i.MX_I2C2_Init)
    MX_I2C2_Init                             0x0800588d   Thumb Code    64  main.o(i.MX_I2C2_Init)
    i.MX_TIM20_Init                          0x080058d8   Section        0  main.o(i.MX_TIM20_Init)
    MX_TIM20_Init                            0x080058d9   Thumb Code    94  main.o(i.MX_TIM20_Init)
    i.MX_TIM8_Init                           0x08005940   Section        0  main.o(i.MX_TIM8_Init)
    MX_TIM8_Init                             0x08005941   Thumb Code    94  main.o(i.MX_TIM8_Init)
    i.MX_USART1_UART_Init                    0x080059a8   Section        0  main.o(i.MX_USART1_UART_Init)
    MX_USART1_UART_Init                      0x080059a9   Thumb Code    78  main.o(i.MX_USART1_UART_Init)
    i.MX_USART2_UART_Init                    0x08005a00   Section        0  main.o(i.MX_USART2_UART_Init)
    MX_USART2_UART_Init                      0x08005a01   Thumb Code    78  main.o(i.MX_USART2_UART_Init)
    i.MX_USART3_UART_Init                    0x08005a58   Section        0  main.o(i.MX_USART3_UART_Init)
    MX_USART3_UART_Init                      0x08005a59   Thumb Code    78  main.o(i.MX_USART3_UART_Init)
    i.MemManage_Handler                      0x08005ab0   Section        0  stm32g4xx_it.o(i.MemManage_Handler)
    i.NMI_Handler                            0x08005ab2   Section        0  stm32g4xx_it.o(i.NMI_Handler)
    i.PendSV_Handler                         0x08005ab4   Section        0  stm32g4xx_it.o(i.PendSV_Handler)
    i.RCC_GetSysClockFreqFromPLLSource       0x08005ab8   Section        0  stm32g4xx_hal_rcc.o(i.RCC_GetSysClockFreqFromPLLSource)
    RCC_GetSysClockFreqFromPLLSource         0x08005ab9   Thumb Code    64  stm32g4xx_hal_rcc.o(i.RCC_GetSysClockFreqFromPLLSource)
    i.SVC_Handler                            0x08005b00   Section        0  stm32g4xx_it.o(i.SVC_Handler)
    i.SysTick_Handler                        0x08005b02   Section        0  stm32g4xx_it.o(i.SysTick_Handler)
    i.SystemClock_Config                     0x08005b06   Section        0  main.o(i.SystemClock_Config)
    i.SystemInit                             0x08005b68   Section        0  system_stm32g4xx.o(i.SystemInit)
    i.TIM20_UP_IRQHandler                    0x08005b84   Section        0  stm32g4xx_it.o(i.TIM20_UP_IRQHandler)
    i.TIM_Base_SetConfig                     0x08005bcc   Section        0  stm32g4xx_hal_tim.o(i.TIM_Base_SetConfig)
    i.TIM_ETR_SetConfig                      0x08005ca8   Section        0  stm32g4xx_hal_tim.o(i.TIM_ETR_SetConfig)
    i.TIM_ITRx_SetConfig                     0x08005cbe   Section        0  stm32g4xx_hal_tim.o(i.TIM_ITRx_SetConfig)
    TIM_ITRx_SetConfig                       0x08005cbf   Thumb Code    20  stm32g4xx_hal_tim.o(i.TIM_ITRx_SetConfig)
    i.TIM_TI1_ConfigInputStage               0x08005cd2   Section        0  stm32g4xx_hal_tim.o(i.TIM_TI1_ConfigInputStage)
    TIM_TI1_ConfigInputStage                 0x08005cd3   Thumb Code    38  stm32g4xx_hal_tim.o(i.TIM_TI1_ConfigInputStage)
    i.TIM_TI2_ConfigInputStage               0x08005cf8   Section        0  stm32g4xx_hal_tim.o(i.TIM_TI2_ConfigInputStage)
    TIM_TI2_ConfigInputStage                 0x08005cf9   Thumb Code    36  stm32g4xx_hal_tim.o(i.TIM_TI2_ConfigInputStage)
    i.UARTEx_SetNbDataToProcess              0x08005d1c   Section        0  stm32g4xx_hal_uart_ex.o(i.UARTEx_SetNbDataToProcess)
    UARTEx_SetNbDataToProcess                0x08005d1d   Thumb Code    80  stm32g4xx_hal_uart_ex.o(i.UARTEx_SetNbDataToProcess)
    i.UART_AdvFeatureConfig                  0x08005d70   Section        0  stm32g4xx_hal_uart.o(i.UART_AdvFeatureConfig)
    i.UART_CheckIdleState                    0x08005e48   Section        0  stm32g4xx_hal_uart.o(i.UART_CheckIdleState)
    i.UART_DMAAbortOnError                   0x08005eb0   Section        0  stm32g4xx_hal_uart.o(i.UART_DMAAbortOnError)
    UART_DMAAbortOnError                     0x08005eb1   Thumb Code    20  stm32g4xx_hal_uart.o(i.UART_DMAAbortOnError)
    i.UART_EndRxTransfer                     0x08005ec4   Section        0  stm32g4xx_hal_uart.o(i.UART_EndRxTransfer)
    UART_EndRxTransfer                       0x08005ec5   Thumb Code    80  stm32g4xx_hal_uart.o(i.UART_EndRxTransfer)
    i.UART_EndTransmit_IT                    0x08005f14   Section        0  stm32g4xx_hal_uart.o(i.UART_EndTransmit_IT)
    UART_EndTransmit_IT                      0x08005f15   Thumb Code    36  stm32g4xx_hal_uart.o(i.UART_EndTransmit_IT)
    i.UART_RxISR_16BIT                       0x08005f38   Section        0  stm32g4xx_hal_uart.o(i.UART_RxISR_16BIT)
    UART_RxISR_16BIT                         0x08005f39   Thumb Code   162  stm32g4xx_hal_uart.o(i.UART_RxISR_16BIT)
    i.UART_RxISR_16BIT_FIFOEN                0x08005fdc   Section        0  stm32g4xx_hal_uart.o(i.UART_RxISR_16BIT_FIFOEN)
    UART_RxISR_16BIT_FIFOEN                  0x08005fdd   Thumb Code   388  stm32g4xx_hal_uart.o(i.UART_RxISR_16BIT_FIFOEN)
    i.UART_RxISR_8BIT                        0x08006164   Section        0  stm32g4xx_hal_uart.o(i.UART_RxISR_8BIT)
    UART_RxISR_8BIT                          0x08006165   Thumb Code   162  stm32g4xx_hal_uart.o(i.UART_RxISR_8BIT)
    i.UART_RxISR_8BIT_FIFOEN                 0x08006208   Section        0  stm32g4xx_hal_uart.o(i.UART_RxISR_8BIT_FIFOEN)
    UART_RxISR_8BIT_FIFOEN                   0x08006209   Thumb Code   388  stm32g4xx_hal_uart.o(i.UART_RxISR_8BIT_FIFOEN)
    i.UART_SetConfig                         0x08006390   Section        0  stm32g4xx_hal_uart.o(i.UART_SetConfig)
    i.UART_Start_Receive_IT                  0x080066d8   Section        0  stm32g4xx_hal_uart.o(i.UART_Start_Receive_IT)
    i.UART_WaitOnFlagUntilTimeout            0x0800680c   Section        0  stm32g4xx_hal_uart.o(i.UART_WaitOnFlagUntilTimeout)
    i.USART1_IRQHandler                      0x080068f0   Section        0  stm32g4xx_it.o(i.USART1_IRQHandler)
    i.USART2_IRQHandler                      0x08006904   Section        0  stm32g4xx_it.o(i.USART2_IRQHandler)
    i.USART3_IRQHandler                      0x08006910   Section        0  stm32g4xx_it.o(i.USART3_IRQHandler)
    i.UsageFault_Handler                     0x08006934   Section        0  stm32g4xx_it.o(i.UsageFault_Handler)
    i.__0printf                              0x08006938   Section        0  printfa.o(i.__0printf)
    i.__0sprintf                             0x08006958   Section        0  printfa.o(i.__0sprintf)
    i.__0vsprintf                            0x08006980   Section        0  printfa.o(i.__0vsprintf)
    i.__scatterload_copy                     0x080069a4   Section       14  handlers.o(i.__scatterload_copy)
    i.__scatterload_null                     0x080069b2   Section        2  handlers.o(i.__scatterload_null)
    i.__scatterload_zeroinit                 0x080069b4   Section       14  handlers.o(i.__scatterload_zeroinit)
    i._fp_digits                             0x080069c4   Section        0  printfa.o(i._fp_digits)
    _fp_digits                               0x080069c5   Thumb Code   366  printfa.o(i._fp_digits)
    i._is_digit                              0x08006b48   Section        0  scanf_fp.o(i._is_digit)
    i._printf_core                           0x08006b58   Section        0  printfa.o(i._printf_core)
    _printf_core                             0x08006b59   Thumb Code  1704  printfa.o(i._printf_core)
    i._printf_post_padding                   0x0800720c   Section        0  printfa.o(i._printf_post_padding)
    _printf_post_padding                     0x0800720d   Thumb Code    36  printfa.o(i._printf_post_padding)
    i._printf_pre_padding                    0x08007230   Section        0  printfa.o(i._printf_pre_padding)
    _printf_pre_padding                      0x08007231   Thumb Code    46  printfa.o(i._printf_pre_padding)
    i._sputc                                 0x0800725e   Section        0  printfa.o(i._sputc)
    _sputc                                   0x0800725f   Thumb Code    10  printfa.o(i._sputc)
    i.check                                  0x08007268   Section        0  main.o(i.check)
    i.delay_us                               0x0800729c   Section        0  lcd.o(i.delay_us)
    i.fputc                                  0x080072b0   Section        0  main.o(i.fputc)
    i.laythoigian                            0x080072c8   Section        0  main.o(i.laythoigian)
    i.lcdprintf                              0x0800731c   Section        0  lcd.o(i.lcdprintf)
    i.loadValue                              0x08007348   Section        0  main.o(i.loadValue)
    loadValue                                0x08007349   Thumb Code    92  main.o(i.loadValue)
    i.main                                   0x080073f8   Section        0  main.o(i.main)
    i.scan_ADC                               0x080076c0   Section        0  main.o(i.scan_ADC)
    i.storeValue                             0x080077b4   Section        0  main.o(i.storeValue)
    storeValue                               0x080077b5   Thumb Code   158  main.o(i.storeValue)
    .constdata                               0x080078d4   Section       24  stm32g4xx_hal_uart.o(.constdata)
    .constdata                               0x080078ec   Section       16  stm32g4xx_hal_uart_ex.o(.constdata)
    numerator                                0x080078ec   Data           8  stm32g4xx_hal_uart_ex.o(.constdata)
    denominator                              0x080078f4   Data           8  stm32g4xx_hal_uart_ex.o(.constdata)
    .constdata                               0x080078fc   Section       16  system_stm32g4xx.o(.constdata)
    .constdata                               0x0800790c   Section        8  system_stm32g4xx.o(.constdata)
    .constdata                               0x08007914   Section       64  ctype_c.o(.constdata)
    .data                                    0x20000000   Section       19  main.o(.data)
    .data                                    0x20000013   Section        1  main.o(.data)
    .data                                    0x20000014   Section        4  stm32g4xx_hal_msp.o(.data)
    HAL_RCC_ADC12_CLK_ENABLED                0x20000014   Data           4  stm32g4xx_hal_msp.o(.data)
    .data                                    0x20000018   Section        4  gps.o(.data)
    .data                                    0x2000001c   Section       12  stm32g4xx_hal.o(.data)
    .data                                    0x20000028   Section       32  stm32g4xx_hal_flash.o(.data)
    .data                                    0x20000048   Section        4  system_stm32g4xx.o(.data)
    .data                                    0x2000004c   Section        4  stdout.o(.data)
    .bss                                     0x20000050   Section     2025  main.o(.bss)
    EraseInitStruct                          0x20000050   Data          16  main.o(.bss)
    .bss                                     0x2000083c   Section      344  gps.o(.bss)
    STACK                                    0x20000998   Section     1024  startup_stm32g473xx.o(STACK)

    Global Symbols

    Symbol Name                              Value     Ov Type        Size  Object(Section)

    BuildAttributes$$THM_ISAv4$E$P$D$K$B$S$7EM$VFPi3$EXTD16$VFPS$VFMA$PE$A:L22UL41UL21$X:L11$S22US41US21$IEEE1$IW$USESV6$~STKCKD$USESV7$~SHL$OTIME$ROPI$EBA8$MICROLIB$REQ8$PRES8$EABIv2 0x00000000   Number         0  anon$$obj.o ABSOLUTE
    __ARM_use_no_argv                        0x00000000   Number         0  main.o ABSOLUTE
    _printf_a                                0x00000000   Number         0  stubs.o ABSOLUTE
    _printf_c                                0x00000000   Number         0  stubs.o ABSOLUTE
    _printf_charcount                        0x00000000   Number         0  stubs.o ABSOLUTE
    _printf_d                                0x00000000   Number         0  stubs.o ABSOLUTE
    _printf_e                                0x00000000   Number         0  stubs.o ABSOLUTE
    _printf_f                                0x00000000   Number         0  stubs.o ABSOLUTE
    _printf_flags                            0x00000000   Number         0  stubs.o ABSOLUTE
    _printf_fp_dec                           0x00000000   Number         0  stubs.o ABSOLUTE
    _printf_fp_hex                           0x00000000   Number         0  stubs.o ABSOLUTE
    _printf_g                                0x00000000   Number         0  stubs.o ABSOLUTE
    _printf_i                                0x00000000   Number         0  stubs.o ABSOLUTE
    _printf_int_dec                          0x00000000   Number         0  stubs.o ABSOLUTE
    _printf_l                                0x00000000   Number         0  stubs.o ABSOLUTE
    _printf_lc                               0x00000000   Number         0  stubs.o ABSOLUTE
    _printf_ll                               0x00000000   Number         0  stubs.o ABSOLUTE
    _printf_lld                              0x00000000   Number         0  stubs.o ABSOLUTE
    _printf_lli                              0x00000000   Number         0  stubs.o ABSOLUTE
    _printf_llo                              0x00000000   Number         0  stubs.o ABSOLUTE
    _printf_llu                              0x00000000   Number         0  stubs.o ABSOLUTE
    _printf_llx                              0x00000000   Number         0  stubs.o ABSOLUTE
    _printf_longlong_dec                     0x00000000   Number         0  stubs.o ABSOLUTE
    _printf_longlong_hex                     0x00000000   Number         0  stubs.o ABSOLUTE
    _printf_longlong_oct                     0x00000000   Number         0  stubs.o ABSOLUTE
    _printf_ls                               0x00000000   Number         0  stubs.o ABSOLUTE
    _printf_mbtowc                           0x00000000   Number         0  stubs.o ABSOLUTE
    _printf_n                                0x00000000   Number         0  stubs.o ABSOLUTE
    _printf_o                                0x00000000   Number         0  stubs.o ABSOLUTE
    _printf_p                                0x00000000   Number         0  stubs.o ABSOLUTE
    _printf_percent                          0x00000000   Number         0  stubs.o ABSOLUTE
    _printf_pre_padding                      0x00000000   Number         0  stubs.o ABSOLUTE
    _printf_return_value                     0x00000000   Number         0  stubs.o ABSOLUTE
    _printf_s                                0x00000000   Number         0  stubs.o ABSOLUTE
    _printf_sizespec                         0x00000000   Number         0  stubs.o ABSOLUTE
    _printf_str                              0x00000000   Number         0  stubs.o ABSOLUTE
    _printf_truncate_signed                  0x00000000   Number         0  stubs.o ABSOLUTE
    _printf_truncate_unsigned                0x00000000   Number         0  stubs.o ABSOLUTE
    _printf_u                                0x00000000   Number         0  stubs.o ABSOLUTE
    _printf_wc                               0x00000000   Number         0  stubs.o ABSOLUTE
    _printf_wctomb                           0x00000000   Number         0  stubs.o ABSOLUTE
    _printf_widthprec                        0x00000000   Number         0  stubs.o ABSOLUTE
    _printf_x                                0x00000000   Number         0  stubs.o ABSOLUTE
    __arm_fini_                               - Undefined Weak Reference
    __cpp_initialize__aeabi_                  - Undefined Weak Reference
    __cxa_finalize                            - Undefined Weak Reference
    __decompress                              - Undefined Weak Reference
    _clock_init                               - Undefined Weak Reference
    _microlib_exit                            - Undefined Weak Reference
    _scanf_longlong                           - Undefined Weak Reference
    __Vectors_Size                           0x000001d8   Number         0  startup_stm32g473xx.o ABSOLUTE
    __Vectors                                0x08000000   Data           4  startup_stm32g473xx.o(RESET)
    __Vectors_End                            0x080001d8   Data           0  startup_stm32g473xx.o(RESET)
    __main                                   0x080001d9   Thumb Code     0  entry.o(.ARM.Collect$$$$00000000)
    _main_stk                                0x080001d9   Thumb Code     0  entry2.o(.ARM.Collect$$$$00000001)
    _main_scatterload                        0x080001dd   Thumb Code     0  entry5.o(.ARM.Collect$$$$00000004)
    __main_after_scatterload                 0x080001e1   Thumb Code     0  entry5.o(.ARM.Collect$$$$00000004)
    _main_clock                              0x080001e1   Thumb Code     0  entry7b.o(.ARM.Collect$$$$00000008)
    _main_cpp_init                           0x080001e1   Thumb Code     0  entry8b.o(.ARM.Collect$$$$0000000A)
    _main_init                               0x080001e1   Thumb Code     0  entry9a.o(.ARM.Collect$$$$0000000B)
    __rt_lib_shutdown_fini                   0x080001e9   Thumb Code     0  entry12b.o(.ARM.Collect$$$$0000000E)
    __rt_final_cpp                           0x080001ed   Thumb Code     0  entry10a.o(.ARM.Collect$$$$0000000F)
    __rt_final_exit                          0x080001ed   Thumb Code     0  entry11a.o(.ARM.Collect$$$$00000011)
    Reset_Handler                            0x080001f1   Thumb Code     8  startup_stm32g473xx.o(.text)
    ADC3_IRQHandler                          0x0800020b   Thumb Code     0  startup_stm32g473xx.o(.text)
    ADC4_IRQHandler                          0x0800020b   Thumb Code     0  startup_stm32g473xx.o(.text)
    ADC5_IRQHandler                          0x0800020b   Thumb Code     0  startup_stm32g473xx.o(.text)
    COMP1_2_3_IRQHandler                     0x0800020b   Thumb Code     0  startup_stm32g473xx.o(.text)
    COMP4_5_6_IRQHandler                     0x0800020b   Thumb Code     0  startup_stm32g473xx.o(.text)
    COMP7_IRQHandler                         0x0800020b   Thumb Code     0  startup_stm32g473xx.o(.text)
    CORDIC_IRQHandler                        0x0800020b   Thumb Code     0  startup_stm32g473xx.o(.text)
    CRS_IRQHandler                           0x0800020b   Thumb Code     0  startup_stm32g473xx.o(.text)
    DMA1_Channel1_IRQHandler                 0x0800020b   Thumb Code     0  startup_stm32g473xx.o(.text)
    DMA1_Channel2_IRQHandler                 0x0800020b   Thumb Code     0  startup_stm32g473xx.o(.text)
    DMA1_Channel3_IRQHandler                 0x0800020b   Thumb Code     0  startup_stm32g473xx.o(.text)
    DMA1_Channel4_IRQHandler                 0x0800020b   Thumb Code     0  startup_stm32g473xx.o(.text)
    DMA1_Channel5_IRQHandler                 0x0800020b   Thumb Code     0  startup_stm32g473xx.o(.text)
    DMA1_Channel6_IRQHandler                 0x0800020b   Thumb Code     0  startup_stm32g473xx.o(.text)
    DMA1_Channel7_IRQHandler                 0x0800020b   Thumb Code     0  startup_stm32g473xx.o(.text)
    DMA1_Channel8_IRQHandler                 0x0800020b   Thumb Code     0  startup_stm32g473xx.o(.text)
    DMA2_Channel1_IRQHandler                 0x0800020b   Thumb Code     0  startup_stm32g473xx.o(.text)
    DMA2_Channel2_IRQHandler                 0x0800020b   Thumb Code     0  startup_stm32g473xx.o(.text)
    DMA2_Channel3_IRQHandler                 0x0800020b   Thumb Code     0  startup_stm32g473xx.o(.text)
    DMA2_Channel4_IRQHandler                 0x0800020b   Thumb Code     0  startup_stm32g473xx.o(.text)
    DMA2_Channel5_IRQHandler                 0x0800020b   Thumb Code     0  startup_stm32g473xx.o(.text)
    DMA2_Channel6_IRQHandler                 0x0800020b   Thumb Code     0  startup_stm32g473xx.o(.text)
    DMA2_Channel7_IRQHandler                 0x0800020b   Thumb Code     0  startup_stm32g473xx.o(.text)
    DMA2_Channel8_IRQHandler                 0x0800020b   Thumb Code     0  startup_stm32g473xx.o(.text)
    DMAMUX_OVR_IRQHandler                    0x0800020b   Thumb Code     0  startup_stm32g473xx.o(.text)
    EXTI0_IRQHandler                         0x0800020b   Thumb Code     0  startup_stm32g473xx.o(.text)
    EXTI1_IRQHandler                         0x0800020b   Thumb Code     0  startup_stm32g473xx.o(.text)
    EXTI2_IRQHandler                         0x0800020b   Thumb Code     0  startup_stm32g473xx.o(.text)
    EXTI3_IRQHandler                         0x0800020b   Thumb Code     0  startup_stm32g473xx.o(.text)
    EXTI4_IRQHandler                         0x0800020b   Thumb Code     0  startup_stm32g473xx.o(.text)
    EXTI9_5_IRQHandler                       0x0800020b   Thumb Code     0  startup_stm32g473xx.o(.text)
    FDCAN1_IT0_IRQHandler                    0x0800020b   Thumb Code     0  startup_stm32g473xx.o(.text)
    FDCAN1_IT1_IRQHandler                    0x0800020b   Thumb Code     0  startup_stm32g473xx.o(.text)
    FDCAN2_IT0_IRQHandler                    0x0800020b   Thumb Code     0  startup_stm32g473xx.o(.text)
    FDCAN2_IT1_IRQHandler                    0x0800020b   Thumb Code     0  startup_stm32g473xx.o(.text)
    FDCAN3_IT0_IRQHandler                    0x0800020b   Thumb Code     0  startup_stm32g473xx.o(.text)
    FDCAN3_IT1_IRQHandler                    0x0800020b   Thumb Code     0  startup_stm32g473xx.o(.text)
    FLASH_IRQHandler                         0x0800020b   Thumb Code     0  startup_stm32g473xx.o(.text)
    FMAC_IRQHandler                          0x0800020b   Thumb Code     0  startup_stm32g473xx.o(.text)
    FMC_IRQHandler                           0x0800020b   Thumb Code     0  startup_stm32g473xx.o(.text)
    FPU_IRQHandler                           0x0800020b   Thumb Code     0  startup_stm32g473xx.o(.text)
    I2C1_ER_IRQHandler                       0x0800020b   Thumb Code     0  startup_stm32g473xx.o(.text)
    I2C1_EV_IRQHandler                       0x0800020b   Thumb Code     0  startup_stm32g473xx.o(.text)
    I2C2_ER_IRQHandler                       0x0800020b   Thumb Code     0  startup_stm32g473xx.o(.text)
    I2C2_EV_IRQHandler                       0x0800020b   Thumb Code     0  startup_stm32g473xx.o(.text)
    I2C3_ER_IRQHandler                       0x0800020b   Thumb Code     0  startup_stm32g473xx.o(.text)
    I2C3_EV_IRQHandler                       0x0800020b   Thumb Code     0  startup_stm32g473xx.o(.text)
    I2C4_ER_IRQHandler                       0x0800020b   Thumb Code     0  startup_stm32g473xx.o(.text)
    I2C4_EV_IRQHandler                       0x0800020b   Thumb Code     0  startup_stm32g473xx.o(.text)
    LPTIM1_IRQHandler                        0x0800020b   Thumb Code     0  startup_stm32g473xx.o(.text)
    LPUART1_IRQHandler                       0x0800020b   Thumb Code     0  startup_stm32g473xx.o(.text)
    PVD_PVM_IRQHandler                       0x0800020b   Thumb Code     0  startup_stm32g473xx.o(.text)
    QUADSPI_IRQHandler                       0x0800020b   Thumb Code     0  startup_stm32g473xx.o(.text)
    RCC_IRQHandler                           0x0800020b   Thumb Code     0  startup_stm32g473xx.o(.text)
    RNG_IRQHandler                           0x0800020b   Thumb Code     0  startup_stm32g473xx.o(.text)
    RTC_Alarm_IRQHandler                     0x0800020b   Thumb Code     0  startup_stm32g473xx.o(.text)
    RTC_TAMP_LSECSS_IRQHandler               0x0800020b   Thumb Code     0  startup_stm32g473xx.o(.text)
    RTC_WKUP_IRQHandler                      0x0800020b   Thumb Code     0  startup_stm32g473xx.o(.text)
    SAI1_IRQHandler                          0x0800020b   Thumb Code     0  startup_stm32g473xx.o(.text)
    SPI1_IRQHandler                          0x0800020b   Thumb Code     0  startup_stm32g473xx.o(.text)
    SPI2_IRQHandler                          0x0800020b   Thumb Code     0  startup_stm32g473xx.o(.text)
    SPI3_IRQHandler                          0x0800020b   Thumb Code     0  startup_stm32g473xx.o(.text)
    SPI4_IRQHandler                          0x0800020b   Thumb Code     0  startup_stm32g473xx.o(.text)
    TIM1_BRK_TIM15_IRQHandler                0x0800020b   Thumb Code     0  startup_stm32g473xx.o(.text)
    TIM1_CC_IRQHandler                       0x0800020b   Thumb Code     0  startup_stm32g473xx.o(.text)
    TIM1_TRG_COM_TIM17_IRQHandler            0x0800020b   Thumb Code     0  startup_stm32g473xx.o(.text)
    TIM1_UP_TIM16_IRQHandler                 0x0800020b   Thumb Code     0  startup_stm32g473xx.o(.text)
    TIM20_BRK_IRQHandler                     0x0800020b   Thumb Code     0  startup_stm32g473xx.o(.text)
    TIM20_CC_IRQHandler                      0x0800020b   Thumb Code     0  startup_stm32g473xx.o(.text)
    TIM20_TRG_COM_IRQHandler                 0x0800020b   Thumb Code     0  startup_stm32g473xx.o(.text)
    TIM2_IRQHandler                          0x0800020b   Thumb Code     0  startup_stm32g473xx.o(.text)
    TIM3_IRQHandler                          0x0800020b   Thumb Code     0  startup_stm32g473xx.o(.text)
    TIM4_IRQHandler                          0x0800020b   Thumb Code     0  startup_stm32g473xx.o(.text)
    TIM5_IRQHandler                          0x0800020b   Thumb Code     0  startup_stm32g473xx.o(.text)
    TIM6_DAC_IRQHandler                      0x0800020b   Thumb Code     0  startup_stm32g473xx.o(.text)
    TIM7_DAC_IRQHandler                      0x0800020b   Thumb Code     0  startup_stm32g473xx.o(.text)
    TIM8_BRK_IRQHandler                      0x0800020b   Thumb Code     0  startup_stm32g473xx.o(.text)
    TIM8_CC_IRQHandler                       0x0800020b   Thumb Code     0  startup_stm32g473xx.o(.text)
    TIM8_TRG_COM_IRQHandler                  0x0800020b   Thumb Code     0  startup_stm32g473xx.o(.text)
    TIM8_UP_IRQHandler                       0x0800020b   Thumb Code     0  startup_stm32g473xx.o(.text)
    UART4_IRQHandler                         0x0800020b   Thumb Code     0  startup_stm32g473xx.o(.text)
    UART5_IRQHandler                         0x0800020b   Thumb Code     0  startup_stm32g473xx.o(.text)
    UCPD1_IRQHandler                         0x0800020b   Thumb Code     0  startup_stm32g473xx.o(.text)
    USBWakeUp_IRQHandler                     0x0800020b   Thumb Code     0  startup_stm32g473xx.o(.text)
    USB_HP_IRQHandler                        0x0800020b   Thumb Code     0  startup_stm32g473xx.o(.text)
    USB_LP_IRQHandler                        0x0800020b   Thumb Code     0  startup_stm32g473xx.o(.text)
    WWDG_IRQHandler                          0x0800020b   Thumb Code     0  startup_stm32g473xx.o(.text)
    __aeabi_uldivmod                         0x08000215   Thumb Code    98  uldiv.o(.text)
    __aeabi_memset                           0x08000277   Thumb Code    14  memseta.o(.text)
    __aeabi_memset4                          0x08000277   Thumb Code     0  memseta.o(.text)
    __aeabi_memset8                          0x08000277   Thumb Code     0  memseta.o(.text)
    __aeabi_memclr                           0x08000285   Thumb Code     4  memseta.o(.text)
    __aeabi_memclr4                          0x08000285   Thumb Code     0  memseta.o(.text)
    __aeabi_memclr8                          0x08000285   Thumb Code     0  memseta.o(.text)
    _memset$wrapper                          0x08000289   Thumb Code    18  memseta.o(.text)
    strncmp                                  0x0800029b   Thumb Code    30  strncmp.o(.text)
    __0sscanf                                0x080002b9   Thumb Code    48  __0sscanf.o(.text)
    _scanf_int                               0x080002f1   Thumb Code   332  _scanf_int.o(.text)
    _scanf_string                            0x0800043d   Thumb Code   224  _scanf_str.o(.text)
    _scanf_real                              0x08000645   Thumb Code     0  scanf_fp.o(.text)
    _scanf_really_real                       0x08000645   Thumb Code   556  scanf_fp.o(.text)
    __aeabi_dmul                             0x0800087d   Thumb Code   228  dmul.o(.text)
    __aeabi_d2uiz                            0x08000961   Thumb Code    50  dfixui.o(.text)
    __aeabi_f2d                              0x08000993   Thumb Code    38  f2d.o(.text)
    __aeabi_uidiv                            0x080009b9   Thumb Code     0  uidiv.o(.text)
    __aeabi_uidivmod                         0x080009b9   Thumb Code    44  uidiv.o(.text)
    __aeabi_llsl                             0x080009e5   Thumb Code    30  llshl.o(.text)
    _ll_shift_l                              0x080009e5   Thumb Code     0  llshl.o(.text)
    __aeabi_llsr                             0x08000a03   Thumb Code    32  llushr.o(.text)
    _ll_ushift_r                             0x08000a03   Thumb Code     0  llushr.o(.text)
    _chval                                   0x08000a23   Thumb Code    28  _chval.o(.text)
    __vfscanf_char                           0x08000a4d   Thumb Code    20  scanf_char.o(.text)
    _sgetc                                   0x08000a69   Thumb Code    30  _sgetc.o(.text)
    _sbackspace                              0x08000a87   Thumb Code    34  _sgetc.o(.text)
    __I$use$fp                               0x08000aa9   Thumb Code     0  iusefp.o(.text)
    _double_round                            0x08000aa9   Thumb Code    30  depilogue.o(.text)
    _double_epilogue                         0x08000ac7   Thumb Code   156  depilogue.o(.text)
    __aeabi_dadd                             0x08000b63   Thumb Code   322  dadd.o(.text)
    __aeabi_dsub                             0x08000ca5   Thumb Code     6  dadd.o(.text)
    __aeabi_drsub                            0x08000cab   Thumb Code     6  dadd.o(.text)
    __aeabi_ddiv                             0x08000cb1   Thumb Code   222  ddiv.o(.text)
    __aeabi_ul2d                             0x08000d8f   Thumb Code    24  dfltul.o(.text)
    __aeabi_d2ulz                            0x08000da7   Thumb Code    48  dfixul.o(.text)
    __aeabi_cdrcmple                         0x08000dd9   Thumb Code    48  cdrcmple.o(.text)
    __aeabi_d2f                              0x08000e09   Thumb Code    56  d2f.o(.text)
    __scatterload                            0x08000e41   Thumb Code    28  init.o(.text)
    __scatterload_rt2                        0x08000e41   Thumb Code     0  init.o(.text)
    __aeabi_lasr                             0x08000e65   Thumb Code    36  llsshr.o(.text)
    _ll_sshift_r                             0x08000e65   Thumb Code     0  llsshr.o(.text)
    isspace                                  0x08000e89   Thumb Code    10  isspace_c.o(.text)
    __vfscanf                                0x08000e95   Thumb Code   810  _scanf.o(.text)
    _float_round                             0x080011c5   Thumb Code    18  fepilogue.o(.text)
    _float_epilogue                          0x080011d7   Thumb Code    92  fepilogue.o(.text)
    __ctype_lookup                           0x08001235   Thumb Code    34  ctype_c.o(.text)
    ADC1_2_IRQHandler                        0x0800125d   Thumb Code    18  stm32g4xx_it.o(i.ADC1_2_IRQHandler)
    ADC_ConversionStop                       0x08001279   Thumb Code   258  stm32g4xx_hal_adc.o(i.ADC_ConversionStop)
    ADC_Disable                              0x08001381   Thumb Code   148  stm32g4xx_hal_adc.o(i.ADC_Disable)
    ADC_Enable                               0x08001415   Thumb Code   156  stm32g4xx_hal_adc.o(i.ADC_Enable)
    ADC_Select_CH13                          0x080014b1   Thumb Code    56  main.o(i.ADC_Select_CH13)
    ADC_Select_CH17                          0x080014f1   Thumb Code    56  main.o(i.ADC_Select_CH17)
    ADC_Select_CH3                           0x08001531   Thumb Code    56  main.o(i.ADC_Select_CH3)
    ADC_Select_CH4                           0x08001571   Thumb Code    56  main.o(i.ADC_Select_CH4)
    BCD_Decoder                              0x080015b1   Thumb Code    36  main.o(i.BCD_Decoder)
    BusFault_Handler                         0x080015dd   Thumb Code     2  stm32g4xx_it.o(i.BusFault_Handler)
    DebugMon_Handler                         0x080015df   Thumb Code     2  stm32g4xx_it.o(i.DebugMon_Handler)
    EXTI15_10_IRQHandler                     0x080015e1   Thumb Code    22  stm32g4xx_it.o(i.EXTI15_10_IRQHandler)
    Error_Handler                            0x080015f9   Thumb Code    10  main.o(i.Error_Handler)
    FLASH_FlushCaches                        0x08001615   Thumb Code    84  stm32g4xx_hal_flash_ex.o(i.FLASH_FlushCaches)
    FLASH_PageErase                          0x080016b1   Thumb Code    76  stm32g4xx_hal_flash_ex.o(i.FLASH_PageErase)
    FLASH_WaitForLastOperation               0x0800174d   Thumb Code   108  stm32g4xx_hal_flash.o(i.FLASH_WaitForLastOperation)
    GPS2_UART_CallBack                       0x080017c1   Thumb Code    70  gps.o(i.GPS2_UART_CallBack)
    GPS_Init                                 0x08001815   Thumb Code    22  gps.o(i.GPS_Init)
    GPS_UART_CallBack                        0x08001835   Thumb Code    68  gps.o(i.GPS_UART_CallBack)
    GPS_nmea_to_dec                          0x08001885   Thumb Code    66  gps.o(i.GPS_nmea_to_dec)
    GPS_parse                                0x080018d1   Thumb Code   320  gps.o(i.GPS_parse)
    GPS_validate                             0x08001ad9   Thumb Code    80  gps.o(i.GPS_validate)
    HAL_ADCEx_Calibration_Start              0x08001b75   Thumb Code   156  stm32g4xx_hal_adc_ex.o(i.HAL_ADCEx_Calibration_Start)
    HAL_ADCEx_EndOfSamplingCallback          0x08001c15   Thumb Code     2  stm32g4xx_hal_adc_ex.o(i.HAL_ADCEx_EndOfSamplingCallback)
    HAL_ADCEx_InjectedConvCpltCallback       0x08001c17   Thumb Code     2  stm32g4xx_hal_adc_ex.o(i.HAL_ADCEx_InjectedConvCpltCallback)
    HAL_ADCEx_InjectedQueueOverflowCallback  0x08001c19   Thumb Code     2  stm32g4xx_hal_adc_ex.o(i.HAL_ADCEx_InjectedQueueOverflowCallback)
    HAL_ADCEx_LevelOutOfWindow2Callback      0x08001c1b   Thumb Code     2  stm32g4xx_hal_adc_ex.o(i.HAL_ADCEx_LevelOutOfWindow2Callback)
    HAL_ADCEx_LevelOutOfWindow3Callback      0x08001c1d   Thumb Code     2  stm32g4xx_hal_adc_ex.o(i.HAL_ADCEx_LevelOutOfWindow3Callback)
    HAL_ADCEx_MultiModeConfigChannel         0x08001c21   Thumb Code   374  stm32g4xx_hal_adc_ex.o(i.HAL_ADCEx_MultiModeConfigChannel)
    HAL_ADC_ConfigChannel                    0x08001db1   Thumb Code  1338  stm32g4xx_hal_adc.o(i.HAL_ADC_ConfigChannel)
    HAL_ADC_ConvCpltCallback                 0x08002309   Thumb Code     2  stm32g4xx_hal_adc.o(i.HAL_ADC_ConvCpltCallback)
    HAL_ADC_ErrorCallback                    0x0800230b   Thumb Code     2  stm32g4xx_hal_adc.o(i.HAL_ADC_ErrorCallback)
    HAL_ADC_GetValue                         0x0800230d   Thumb Code     6  stm32g4xx_hal_adc.o(i.HAL_ADC_GetValue)
    HAL_ADC_IRQHandler                       0x08002315   Thumb Code   780  stm32g4xx_hal_adc.o(i.HAL_ADC_IRQHandler)
    HAL_ADC_Init                             0x08002635   Thumb Code   562  stm32g4xx_hal_adc.o(i.HAL_ADC_Init)
    HAL_ADC_LevelOutOfWindowCallback         0x0800288d   Thumb Code     2  stm32g4xx_hal_adc.o(i.HAL_ADC_LevelOutOfWindowCallback)
    HAL_ADC_MspInit                          0x08002891   Thumb Code   258  stm32g4xx_hal_msp.o(i.HAL_ADC_MspInit)
    HAL_ADC_PollForConversion                0x080029a5   Thumb Code   342  stm32g4xx_hal_adc.o(i.HAL_ADC_PollForConversion)
    HAL_ADC_Start                            0x08002b11   Thumb Code   292  stm32g4xx_hal_adc.o(i.HAL_ADC_Start)
    HAL_ADC_Stop                             0x08002c49   Thumb Code    62  stm32g4xx_hal_adc.o(i.HAL_ADC_Stop)
    HAL_DMA_Abort                            0x08002c87   Thumb Code   132  stm32g4xx_hal_dma.o(i.HAL_DMA_Abort)
    HAL_DMA_Abort_IT                         0x08002d0b   Thumb Code   148  stm32g4xx_hal_dma.o(i.HAL_DMA_Abort_IT)
    HAL_DMA_GetError                         0x08002d9f   Thumb Code     4  stm32g4xx_hal_dma.o(i.HAL_DMA_GetError)
    HAL_Delay                                0x08002da5   Thumb Code    34  stm32g4xx_hal.o(i.HAL_Delay)
    HAL_FLASHEx_Erase                        0x08002dcd   Thumb Code   244  stm32g4xx_hal_flash_ex.o(i.HAL_FLASHEx_Erase)
    HAL_FLASH_Lock                           0x08002ec9   Thumb Code    24  stm32g4xx_hal_flash.o(i.HAL_FLASH_Lock)
    HAL_FLASH_Program                        0x08002ee5   Thumb Code   122  stm32g4xx_hal_flash.o(i.HAL_FLASH_Program)
    HAL_FLASH_Unlock                         0x08002f69   Thumb Code    32  stm32g4xx_hal_flash.o(i.HAL_FLASH_Unlock)
    HAL_GPIO_EXTI_Callback                   0x08002f95   Thumb Code    52  main.o(i.HAL_GPIO_EXTI_Callback)
    HAL_GPIO_EXTI_IRQHandler                 0x08002fe5   Thumb Code    18  stm32g4xx_hal_gpio.o(i.HAL_GPIO_EXTI_IRQHandler)
    HAL_GPIO_Init                            0x08002ffd   Thumb Code   524  stm32g4xx_hal_gpio.o(i.HAL_GPIO_Init)
    HAL_GPIO_WritePin                        0x08003219   Thumb Code    12  stm32g4xx_hal_gpio.o(i.HAL_GPIO_WritePin)
    HAL_GetTick                              0x08003225   Thumb Code     6  stm32g4xx_hal.o(i.HAL_GetTick)
    HAL_I2CEx_ConfigAnalogFilter             0x08003231   Thumb Code    90  stm32g4xx_hal_i2c_ex.o(i.HAL_I2CEx_ConfigAnalogFilter)
    HAL_I2CEx_ConfigDigitalFilter            0x0800328b   Thumb Code    86  stm32g4xx_hal_i2c_ex.o(i.HAL_I2CEx_ConfigDigitalFilter)
    HAL_I2C_Init                             0x080032e1   Thumb Code   190  stm32g4xx_hal_i2c.o(i.HAL_I2C_Init)
    HAL_I2C_Mem_Read                         0x080033a1   Thumb Code   422  stm32g4xx_hal_i2c.o(i.HAL_I2C_Mem_Read)
    HAL_I2C_MspInit                          0x08003551   Thumb Code   118  stm32g4xx_hal_msp.o(i.HAL_I2C_MspInit)
    HAL_IncTick                              0x080035d1   Thumb Code    12  stm32g4xx_hal.o(i.HAL_IncTick)
    HAL_Init                                 0x080035e1   Thumb Code    30  stm32g4xx_hal.o(i.HAL_Init)
    HAL_InitTick                             0x08003601   Thumb Code    68  stm32g4xx_hal.o(i.HAL_InitTick)
    HAL_MspInit                              0x0800364d   Thumb Code    42  stm32g4xx_hal_msp.o(i.HAL_MspInit)
    HAL_NVIC_EnableIRQ                       0x0800367d   Thumb Code    28  stm32g4xx_hal_cortex.o(i.HAL_NVIC_EnableIRQ)
    HAL_NVIC_SetPriority                     0x08003699   Thumb Code    98  stm32g4xx_hal_cortex.o(i.HAL_NVIC_SetPriority)
    HAL_NVIC_SetPriorityGrouping             0x08003701   Thumb Code    30  stm32g4xx_hal_cortex.o(i.HAL_NVIC_SetPriorityGrouping)
    HAL_PWREx_ControlVoltageScaling          0x08003725   Thumb Code   206  stm32g4xx_hal_pwr_ex.o(i.HAL_PWREx_ControlVoltageScaling)
    HAL_PWREx_DisableUCPDDeadBattery         0x08003801   Thumb Code    12  stm32g4xx_hal_pwr_ex.o(i.HAL_PWREx_DisableUCPDDeadBattery)
    HAL_RCCEx_PeriphCLKConfig                0x08003811   Thumb Code   850  stm32g4xx_hal_rcc_ex.o(i.HAL_RCCEx_PeriphCLKConfig)
    HAL_RCC_ClockConfig                      0x08003b6d   Thumb Code   490  stm32g4xx_hal_rcc.o(i.HAL_RCC_ClockConfig)
    HAL_RCC_GetHCLKFreq                      0x08003d71   Thumb Code     6  stm32g4xx_hal_rcc.o(i.HAL_RCC_GetHCLKFreq)
    HAL_RCC_GetPCLK1Freq                     0x08003d7d   Thumb Code    26  stm32g4xx_hal_rcc.o(i.HAL_RCC_GetPCLK1Freq)
    HAL_RCC_GetPCLK2Freq                     0x08003da1   Thumb Code    26  stm32g4xx_hal_rcc.o(i.HAL_RCC_GetPCLK2Freq)
    HAL_RCC_GetSysClockFreq                  0x08003dc5   Thumb Code    98  stm32g4xx_hal_rcc.o(i.HAL_RCC_GetSysClockFreq)
    HAL_RCC_OscConfig                        0x08003e31   Thumb Code  1310  stm32g4xx_hal_rcc.o(i.HAL_RCC_OscConfig)
    HAL_SYSTICK_Config                       0x08004355   Thumb Code    36  stm32g4xx_hal_cortex.o(i.HAL_SYSTICK_Config)
    HAL_TIMEx_Break2Callback                 0x0800437d   Thumb Code     2  stm32g4xx_hal_tim_ex.o(i.HAL_TIMEx_Break2Callback)
    HAL_TIMEx_BreakCallback                  0x0800437f   Thumb Code     2  stm32g4xx_hal_tim_ex.o(i.HAL_TIMEx_BreakCallback)
    HAL_TIMEx_CommutCallback                 0x08004381   Thumb Code     2  stm32g4xx_hal_tim_ex.o(i.HAL_TIMEx_CommutCallback)
    HAL_TIMEx_DirectionChangeCallback        0x08004383   Thumb Code     2  stm32g4xx_hal_tim_ex.o(i.HAL_TIMEx_DirectionChangeCallback)
    HAL_TIMEx_EncoderIndexCallback           0x08004385   Thumb Code     2  stm32g4xx_hal_tim_ex.o(i.HAL_TIMEx_EncoderIndexCallback)
    HAL_TIMEx_IndexErrorCallback             0x08004387   Thumb Code     2  stm32g4xx_hal_tim_ex.o(i.HAL_TIMEx_IndexErrorCallback)
    HAL_TIMEx_MasterConfigSynchronization    0x08004389   Thumb Code   176  stm32g4xx_hal_tim_ex.o(i.HAL_TIMEx_MasterConfigSynchronization)
    HAL_TIMEx_TransitionErrorCallback        0x08004445   Thumb Code     2  stm32g4xx_hal_tim_ex.o(i.HAL_TIMEx_TransitionErrorCallback)
    HAL_TIM_Base_Init                        0x08004447   Thumb Code   100  stm32g4xx_hal_tim.o(i.HAL_TIM_Base_Init)
    HAL_TIM_Base_MspInit                     0x080044ad   Thumb Code    72  stm32g4xx_hal_msp.o(i.HAL_TIM_Base_MspInit)
    HAL_TIM_Base_Start_IT                    0x08004501   Thumb Code   144  stm32g4xx_hal_tim.o(i.HAL_TIM_Base_Start_IT)
    HAL_TIM_ConfigClockSource                0x08004595   Thumb Code   274  stm32g4xx_hal_tim.o(i.HAL_TIM_ConfigClockSource)
    HAL_TIM_IC_CaptureCallback               0x080046ad   Thumb Code     2  stm32g4xx_hal_tim.o(i.HAL_TIM_IC_CaptureCallback)
    HAL_TIM_IRQHandler                       0x080046af   Thumb Code   522  stm32g4xx_hal_tim.o(i.HAL_TIM_IRQHandler)
    HAL_TIM_OC_DelayElapsedCallback          0x080048b9   Thumb Code     2  stm32g4xx_hal_tim.o(i.HAL_TIM_OC_DelayElapsedCallback)
    HAL_TIM_PWM_PulseFinishedCallback        0x080048bb   Thumb Code     2  stm32g4xx_hal_tim.o(i.HAL_TIM_PWM_PulseFinishedCallback)
    HAL_TIM_PeriodElapsedCallback            0x080048bd   Thumb Code     2  stm32g4xx_hal_tim.o(i.HAL_TIM_PeriodElapsedCallback)
    HAL_TIM_TriggerCallback                  0x080048bf   Thumb Code     2  stm32g4xx_hal_tim.o(i.HAL_TIM_TriggerCallback)
    HAL_UARTEx_DisableFifoMode               0x080048c1   Thumb Code    62  stm32g4xx_hal_uart_ex.o(i.HAL_UARTEx_DisableFifoMode)
    HAL_UARTEx_RxEventCallback               0x080048ff   Thumb Code     2  stm32g4xx_hal_uart.o(i.HAL_UARTEx_RxEventCallback)
    HAL_UARTEx_RxFifoFullCallback            0x08004901   Thumb Code     2  stm32g4xx_hal_uart_ex.o(i.HAL_UARTEx_RxFifoFullCallback)
    HAL_UARTEx_SetRxFifoThreshold            0x08004903   Thumb Code    76  stm32g4xx_hal_uart_ex.o(i.HAL_UARTEx_SetRxFifoThreshold)
    HAL_UARTEx_SetTxFifoThreshold            0x0800494f   Thumb Code    76  stm32g4xx_hal_uart_ex.o(i.HAL_UARTEx_SetTxFifoThreshold)
    HAL_UARTEx_TxFifoEmptyCallback           0x0800499b   Thumb Code     2  stm32g4xx_hal_uart_ex.o(i.HAL_UARTEx_TxFifoEmptyCallback)
    HAL_UARTEx_WakeupCallback                0x0800499d   Thumb Code     2  stm32g4xx_hal_uart_ex.o(i.HAL_UARTEx_WakeupCallback)
    HAL_UART_Abort                           0x0800499f   Thumb Code   266  stm32g4xx_hal_uart.o(i.HAL_UART_Abort)
    HAL_UART_ErrorCallback                   0x08004aa9   Thumb Code    36  main.o(i.HAL_UART_ErrorCallback)
    HAL_UART_GetState                        0x08004af1   Thumb Code    12  stm32g4xx_hal_uart.o(i.HAL_UART_GetState)
    HAL_UART_IRQHandler                      0x08004afd   Thumb Code   814  stm32g4xx_hal_uart.o(i.HAL_UART_IRQHandler)
    HAL_UART_Init                            0x08004e39   Thumb Code   112  stm32g4xx_hal_uart.o(i.HAL_UART_Init)
    HAL_UART_MspInit                         0x08004ea9   Thumb Code   310  stm32g4xx_hal_msp.o(i.HAL_UART_MspInit)
    HAL_UART_Receive_IT                      0x08004ff9   Thumb Code    94  stm32g4xx_hal_uart.o(i.HAL_UART_Receive_IT)
    HAL_UART_RxCpltCallback                  0x08005059   Thumb Code    84  main.o(i.HAL_UART_RxCpltCallback)
    HAL_UART_Transmit                        0x080050d1   Thumb Code   214  stm32g4xx_hal_uart.o(i.HAL_UART_Transmit)
    HAL_UART_TxCpltCallback                  0x080051a7   Thumb Code     2  stm32g4xx_hal_uart.o(i.HAL_UART_TxCpltCallback)
    HardFault_Handler                        0x080051a9   Thumb Code     2  stm32g4xx_it.o(i.HardFault_Handler)
    LCD_Clear                                0x080054c7   Thumb Code    18  lcd.o(i.LCD_Clear)
    LCD_Enable                               0x080054d9   Thumb Code    40  lcd.o(i.LCD_Enable)
    LCD_Gotoxy                               0x08005505   Thumb Code    34  lcd.o(i.LCD_Gotoxy)
    LCD_Init                                 0x08005529   Thumb Code   102  lcd.o(i.LCD_Init)
    LCD_Putc                                 0x08005595   Thumb Code    36  lcd.o(i.LCD_Putc)
    LCD_Puts                                 0x080055bd   Thumb Code    22  lcd.o(i.LCD_Puts)
    LCD_Send4Bit                             0x080055d5   Thumb Code    62  lcd.o(i.LCD_Send4Bit)
    LCD_SendCommand                          0x08005619   Thumb Code    28  lcd.o(i.LCD_SendCommand)
    MemManage_Handler                        0x08005ab1   Thumb Code     2  stm32g4xx_it.o(i.MemManage_Handler)
    NMI_Handler                              0x08005ab3   Thumb Code     2  stm32g4xx_it.o(i.NMI_Handler)
    PendSV_Handler                           0x08005ab5   Thumb Code     2  stm32g4xx_it.o(i.PendSV_Handler)
    SVC_Handler                              0x08005b01   Thumb Code     2  stm32g4xx_it.o(i.SVC_Handler)
    SysTick_Handler                          0x08005b03   Thumb Code     4  stm32g4xx_it.o(i.SysTick_Handler)
    SystemClock_Config                       0x08005b07   Thumb Code    98  main.o(i.SystemClock_Config)
    SystemInit                               0x08005b69   Thumb Code    20  system_stm32g4xx.o(i.SystemInit)
    TIM20_UP_IRQHandler                      0x08005b85   Thumb Code    50  stm32g4xx_it.o(i.TIM20_UP_IRQHandler)
    TIM_Base_SetConfig                       0x08005bcd   Thumb Code   184  stm32g4xx_hal_tim.o(i.TIM_Base_SetConfig)
    TIM_ETR_SetConfig                        0x08005ca9   Thumb Code    22  stm32g4xx_hal_tim.o(i.TIM_ETR_SetConfig)
    UART_AdvFeatureConfig                    0x08005d71   Thumb Code   216  stm32g4xx_hal_uart.o(i.UART_AdvFeatureConfig)
    UART_CheckIdleState                      0x08005e49   Thumb Code   104  stm32g4xx_hal_uart.o(i.UART_CheckIdleState)
    UART_SetConfig                           0x08006391   Thumb Code   816  stm32g4xx_hal_uart.o(i.UART_SetConfig)
    UART_Start_Receive_IT                    0x080066d9   Thumb Code   290  stm32g4xx_hal_uart.o(i.UART_Start_Receive_IT)
    UART_WaitOnFlagUntilTimeout              0x0800680d   Thumb Code   226  stm32g4xx_hal_uart.o(i.UART_WaitOnFlagUntilTimeout)
    USART1_IRQHandler                        0x080068f1   Thumb Code    12  stm32g4xx_it.o(i.USART1_IRQHandler)
    USART2_IRQHandler                        0x08006905   Thumb Code     6  stm32g4xx_it.o(i.USART2_IRQHandler)
    USART3_IRQHandler                        0x08006911   Thumb Code    26  stm32g4xx_it.o(i.USART3_IRQHandler)
    UsageFault_Handler                       0x08006935   Thumb Code     2  stm32g4xx_it.o(i.UsageFault_Handler)
    __0printf                                0x08006939   Thumb Code    22  printfa.o(i.__0printf)
    __1printf                                0x08006939   Thumb Code     0  printfa.o(i.__0printf)
    __2printf                                0x08006939   Thumb Code     0  printfa.o(i.__0printf)
    __c89printf                              0x08006939   Thumb Code     0  printfa.o(i.__0printf)
    printf                                   0x08006939   Thumb Code     0  printfa.o(i.__0printf)
    __0sprintf                               0x08006959   Thumb Code    34  printfa.o(i.__0sprintf)
    __1sprintf                               0x08006959   Thumb Code     0  printfa.o(i.__0sprintf)
    __2sprintf                               0x08006959   Thumb Code     0  printfa.o(i.__0sprintf)
    __c89sprintf                             0x08006959   Thumb Code     0  printfa.o(i.__0sprintf)
    sprintf                                  0x08006959   Thumb Code     0  printfa.o(i.__0sprintf)
    __0vsprintf                              0x08006981   Thumb Code    30  printfa.o(i.__0vsprintf)
    __1vsprintf                              0x08006981   Thumb Code     0  printfa.o(i.__0vsprintf)
    __2vsprintf                              0x08006981   Thumb Code     0  printfa.o(i.__0vsprintf)
    __c89vsprintf                            0x08006981   Thumb Code     0  printfa.o(i.__0vsprintf)
    vsprintf                                 0x08006981   Thumb Code     0  printfa.o(i.__0vsprintf)
    __scatterload_copy                       0x080069a5   Thumb Code    14  handlers.o(i.__scatterload_copy)
    __scatterload_null                       0x080069b3   Thumb Code     2  handlers.o(i.__scatterload_null)
    __scatterload_zeroinit                   0x080069b5   Thumb Code    14  handlers.o(i.__scatterload_zeroinit)
    _is_digit                                0x08006b49   Thumb Code    14  scanf_fp.o(i._is_digit)
    check                                    0x08007269   Thumb Code    40  main.o(i.check)
    delay_us                                 0x0800729d   Thumb Code    20  lcd.o(i.delay_us)
    fputc                                    0x080072b1   Thumb Code    18  main.o(i.fputc)
    laythoigian                              0x080072c9   Thumb Code    76  main.o(i.laythoigian)
    lcdprintf                                0x0800731d   Thumb Code    42  lcd.o(i.lcdprintf)
    main                                     0x080073f9   Thumb Code   480  main.o(i.main)
    scan_ADC                                 0x080076c1   Thumb Code   228  main.o(i.scan_ADC)
    UARTPrescTable                           0x080078d4   Data          24  stm32g4xx_hal_uart.o(.constdata)
    AHBPrescTable                            0x080078fc   Data          16  system_stm32g4xx.o(.constdata)
    APBPrescTable                            0x0800790c   Data           8  system_stm32g4xx.o(.constdata)
    __ctype_categories                       0x08007914   Data          64  ctype_c.o(.constdata)
    Region$$Table$$Base                      0x08007954   Number         0  anon$$obj.o(Region$$Table)
    Region$$Table$$Limit                     0x08007974   Number         0  anon$$obj.o(Region$$Table)
    u1Timeout                                0x20000000   Data           1  main.o(.data)
    u3Timeout                                0x20000001   Data           1  main.o(.data)
    i2c_write                                0x20000002   Data           1  main.o(.data)
    nhietdo                                  0x20000003   Data           1  main.o(.data)
    nhietdole                                0x20000004   Data           1  main.o(.data)
    tim20ct                                  0x20000008   Data           4  main.o(.data)
    time                                     0x2000000c   Data           7  main.o(.data)
    u2Timeout                                0x20000013   Data           1  main.o(.data)
    rx1_data                                 0x20000018   Data           1  gps.o(.data)
    rx1_index                                0x20000019   Data           1  gps.o(.data)
    rx2_data                                 0x2000001a   Data           1  gps.o(.data)
    rx2_index                                0x2000001b   Data           1  gps.o(.data)
    uwTickPrio                               0x2000001c   Data           4  stm32g4xx_hal.o(.data)
    uwTickFreq                               0x20000020   Data           4  stm32g4xx_hal.o(.data)
    uwTick                                   0x20000024   Data           4  stm32g4xx_hal.o(.data)
    pFlash                                   0x20000028   Data          32  stm32g4xx_hal_flash.o(.data)
    SystemCoreClock                          0x20000048   Data           4  system_stm32g4xx.o(.data)
    __stdout                                 0x2000004c   Data           4  stdout.o(.data)
    hadc1                                    0x20000060   Data         108  main.o(.bss)
    hadc2                                    0x200000cc   Data         108  main.o(.bss)
    hi2c2                                    0x20000138   Data          76  main.o(.bss)
    htim8                                    0x20000184   Data          76  main.o(.bss)
    htim20                                   0x200001d0   Data          76  main.o(.bss)
    huart1                                   0x2000021c   Data         144  main.o(.bss)
    huart2                                   0x200002ac   Data         144  main.o(.bss)
    huart3                                   0x2000033c   Data         144  main.o(.bss)
    main_status                              0x200003cc   Data          14  main.o(.bss)
    Rx1Buffer                                0x200003da   Data        1000  main.o(.bss)
    Rx3Buffer                                0x200007c2   Data         100  main.o(.bss)
    i2c_rv                                   0x20000826   Data          19  main.o(.bss)
    rx1_buffer                               0x2000083c   Data         128  gps.o(.bss)
    rx2_buffer                               0x200008bc   Data         128  gps.o(.bss)
    GPS                                      0x2000093c   Data          88  gps.o(.bss)
    __initial_sp                             0x20000d98   Data           0  startup_stm32g473xx.o(STACK)



==============================================================================

Memory Map of the image

  Image Entry point : 0x080001d9

  Load Region LR_IROM1 (Base: 0x08000000, Size: 0x000079c4, Max: 0x00020000, ABSOLUTE)

    Execution Region ER_IROM1 (Exec base: 0x08000000, Load base: 0x08000000, Size: 0x00007974, Max: 0x00020000, ABSOLUTE)

    Exec Addr    Load Addr    Size         Type   Attr      Idx    E Section Name        Object

    0x08000000   0x08000000   0x000001d8   Data   RO            3    RESET               startup_stm32g473xx.o
    0x080001d8   0x080001d8   0x00000000   Code   RO         4859  * .ARM.Collect$$$$00000000  mc_w.l(entry.o)
    0x080001d8   0x080001d8   0x00000004   Code   RO         5145    .ARM.Collect$$$$00000001  mc_w.l(entry2.o)
    0x080001dc   0x080001dc   0x00000004   Code   RO         5148    .ARM.Collect$$$$00000004  mc_w.l(entry5.o)
    0x080001e0   0x080001e0   0x00000000   Code   RO         5150    .ARM.Collect$$$$00000008  mc_w.l(entry7b.o)
    0x080001e0   0x080001e0   0x00000000   Code   RO         5152    .ARM.Collect$$$$0000000A  mc_w.l(entry8b.o)
    0x080001e0   0x080001e0   0x00000008   Code   RO         5153    .ARM.Collect$$$$0000000B  mc_w.l(entry9a.o)
    0x080001e8   0x080001e8   0x00000004   Code   RO         5160    .ARM.Collect$$$$0000000E  mc_w.l(entry12b.o)
    0x080001ec   0x080001ec   0x00000000   Code   RO         5155    .ARM.Collect$$$$0000000F  mc_w.l(entry10a.o)
    0x080001ec   0x080001ec   0x00000000   Code   RO         5157    .ARM.Collect$$$$00000011  mc_w.l(entry11a.o)
    0x080001ec   0x080001ec   0x00000004   Code   RO         5146    .ARM.Collect$$$$00002712  mc_w.l(entry2.o)
    0x080001f0   0x080001f0   0x00000024   Code   RO            4    .text               startup_stm32g473xx.o
    0x08000214   0x08000214   0x00000062   Code   RO         4862    .text               mc_w.l(uldiv.o)
    0x08000276   0x08000276   0x00000024   Code   RO         4864    .text               mc_w.l(memseta.o)
    0x0800029a   0x0800029a   0x0000001e   Code   RO         4866    .text               mc_w.l(strncmp.o)
    0x080002b8   0x080002b8   0x00000038   Code   RO         5129    .text               mc_w.l(__0sscanf.o)
    0x080002f0   0x080002f0   0x0000014c   Code   RO         5131    .text               mc_w.l(_scanf_int.o)
    0x0800043c   0x0800043c   0x000000e0   Code   RO         5133    .text               mc_w.l(_scanf_str.o)
    0x0800051c   0x0800051c   0x00000360   Code   RO         5135    .text               mc_w.l(scanf_fp.o)
    0x0800087c   0x0800087c   0x000000e4   Code   RO         5139    .text               mf_w.l(dmul.o)
    0x08000960   0x08000960   0x00000032   Code   RO         5141    .text               mf_w.l(dfixui.o)
    0x08000992   0x08000992   0x00000026   Code   RO         5143    .text               mf_w.l(f2d.o)
    0x080009b8   0x080009b8   0x0000002c   Code   RO         5162    .text               mc_w.l(uidiv.o)
    0x080009e4   0x080009e4   0x0000001e   Code   RO         5164    .text               mc_w.l(llshl.o)
    0x08000a02   0x08000a02   0x00000020   Code   RO         5166    .text               mc_w.l(llushr.o)
    0x08000a22   0x08000a22   0x0000001c   Code   RO         5168    .text               mc_w.l(_chval.o)
    0x08000a3e   0x08000a3e   0x00000002   PAD
    0x08000a40   0x08000a40   0x00000028   Code   RO         5170    .text               mc_w.l(scanf_char.o)
    0x08000a68   0x08000a68   0x00000040   Code   RO         5172    .text               mc_w.l(_sgetc.o)
    0x08000aa8   0x08000aa8   0x00000000   Code   RO         5174    .text               mc_w.l(iusefp.o)
    0x08000aa8   0x08000aa8   0x000000ba   Code   RO         5175    .text               mf_w.l(depilogue.o)
    0x08000b62   0x08000b62   0x0000014e   Code   RO         5177    .text               mf_w.l(dadd.o)
    0x08000cb0   0x08000cb0   0x000000de   Code   RO         5179    .text               mf_w.l(ddiv.o)
    0x08000d8e   0x08000d8e   0x00000018   Code   RO         5181    .text               mf_w.l(dfltul.o)
    0x08000da6   0x08000da6   0x00000030   Code   RO         5183    .text               mf_w.l(dfixul.o)
    0x08000dd6   0x08000dd6   0x00000002   PAD
    0x08000dd8   0x08000dd8   0x00000030   Code   RO         5185    .text               mf_w.l(cdrcmple.o)
    0x08000e08   0x08000e08   0x00000038   Code   RO         5187    .text               mf_w.l(d2f.o)
    0x08000e40   0x08000e40   0x00000024   Code   RO         5189    .text               mc_w.l(init.o)
    0x08000e64   0x08000e64   0x00000024   Code   RO         5191    .text               mc_w.l(llsshr.o)
    0x08000e88   0x08000e88   0x0000000a   Code   RO         5193    .text               mc_w.l(isspace_c.o)
    0x08000e92   0x08000e92   0x00000002   PAD
    0x08000e94   0x08000e94   0x00000330   Code   RO         5195    .text               mc_w.l(_scanf.o)
    0x080011c4   0x080011c4   0x0000006e   Code   RO         5197    .text               mf_w.l(fepilogue.o)
    0x08001232   0x08001232   0x00000002   PAD
    0x08001234   0x08001234   0x00000028   Code   RO         5199    .text               mc_w.l(ctype_c.o)
    0x0800125c   0x0800125c   0x0000001c   Code   RO          335    i.ADC1_2_IRQHandler  stm32g4xx_it.o
    0x08001278   0x08001278   0x00000108   Code   RO          682    i.ADC_ConversionStop  stm32g4xx_hal_adc.o
    0x08001380   0x08001380   0x00000094   Code   RO          686    i.ADC_Disable       stm32g4xx_hal_adc.o
    0x08001414   0x08001414   0x0000009c   Code   RO          687    i.ADC_Enable        stm32g4xx_hal_adc.o
    0x080014b0   0x080014b0   0x00000040   Code   RO           13    i.ADC_Select_CH13   main.o
    0x080014f0   0x080014f0   0x00000040   Code   RO           14    i.ADC_Select_CH17   main.o
    0x08001530   0x08001530   0x00000040   Code   RO           15    i.ADC_Select_CH3    main.o
    0x08001570   0x08001570   0x00000040   Code   RO           16    i.ADC_Select_CH4    main.o
    0x080015b0   0x080015b0   0x0000002c   Code   RO           17    i.BCD_Decoder       main.o
    0x080015dc   0x080015dc   0x00000002   Code   RO          336    i.BusFault_Handler  stm32g4xx_it.o
    0x080015de   0x080015de   0x00000002   Code   RO          337    i.DebugMon_Handler  stm32g4xx_it.o
    0x080015e0   0x080015e0   0x00000016   Code   RO          338    i.EXTI15_10_IRQHandler  stm32g4xx_it.o
    0x080015f6   0x080015f6   0x00000002   PAD
    0x080015f8   0x080015f8   0x0000001c   Code   RO           19    i.Error_Handler     main.o
    0x08001614   0x08001614   0x0000005c   Code   RO         1662    i.FLASH_FlushCaches  stm32g4xx_hal_flash_ex.o
    0x08001670   0x08001670   0x00000040   Code   RO         1663    i.FLASH_MassErase   stm32g4xx_hal_flash_ex.o
    0x080016b0   0x080016b0   0x00000050   Code   RO         1676    i.FLASH_PageErase   stm32g4xx_hal_flash_ex.o
    0x08001700   0x08001700   0x0000001c   Code   RO         1553    i.FLASH_Program_DoubleWord  stm32g4xx_hal_flash.o
    0x0800171c   0x0800171c   0x00000030   Code   RO         1554    i.FLASH_Program_Fast  stm32g4xx_hal_flash.o
    0x0800174c   0x0800174c   0x00000074   Code   RO         1555    i.FLASH_WaitForLastOperation  stm32g4xx_hal_flash.o
    0x080017c0   0x080017c0   0x00000054   Code   RO          521    i.GPS2_UART_CallBack  gps.o
    0x08001814   0x08001814   0x00000020   Code   RO          522    i.GPS_Init          gps.o
    0x08001834   0x08001834   0x00000050   Code   RO          523    i.GPS_UART_CallBack  gps.o
    0x08001884   0x08001884   0x0000004c   Code   RO          524    i.GPS_nmea_to_dec   gps.o
    0x080018d0   0x080018d0   0x00000208   Code   RO          525    i.GPS_parse         gps.o
    0x08001ad8   0x08001ad8   0x00000058   Code   RO          526    i.GPS_validate      gps.o
    0x08001b30   0x08001b30   0x00000044   Code   RO           20    i.GetPage           main.o
    0x08001b74   0x08001b74   0x000000a0   Code   RO          890    i.HAL_ADCEx_Calibration_Start  stm32g4xx_hal_adc_ex.o
    0x08001c14   0x08001c14   0x00000002   Code   RO          894    i.HAL_ADCEx_EndOfSamplingCallback  stm32g4xx_hal_adc_ex.o
    0x08001c16   0x08001c16   0x00000002   Code   RO          897    i.HAL_ADCEx_InjectedConvCpltCallback  stm32g4xx_hal_adc_ex.o
    0x08001c18   0x08001c18   0x00000002   Code   RO          900    i.HAL_ADCEx_InjectedQueueOverflowCallback  stm32g4xx_hal_adc_ex.o
    0x08001c1a   0x08001c1a   0x00000002   Code   RO          905    i.HAL_ADCEx_LevelOutOfWindow2Callback  stm32g4xx_hal_adc_ex.o
    0x08001c1c   0x08001c1c   0x00000002   Code   RO          906    i.HAL_ADCEx_LevelOutOfWindow3Callback  stm32g4xx_hal_adc_ex.o
    0x08001c1e   0x08001c1e   0x00000002   PAD
    0x08001c20   0x08001c20   0x00000190   Code   RO          907    i.HAL_ADCEx_MultiModeConfigChannel  stm32g4xx_hal_adc_ex.o
    0x08001db0   0x08001db0   0x00000558   Code   RO          689    i.HAL_ADC_ConfigChannel  stm32g4xx_hal_adc.o
    0x08002308   0x08002308   0x00000002   Code   RO          690    i.HAL_ADC_ConvCpltCallback  stm32g4xx_hal_adc.o
    0x0800230a   0x0800230a   0x00000002   Code   RO          693    i.HAL_ADC_ErrorCallback  stm32g4xx_hal_adc.o
    0x0800230c   0x0800230c   0x00000006   Code   RO          696    i.HAL_ADC_GetValue  stm32g4xx_hal_adc.o
    0x08002312   0x08002312   0x00000002   PAD
    0x08002314   0x08002314   0x00000320   Code   RO          697    i.HAL_ADC_IRQHandler  stm32g4xx_hal_adc.o
    0x08002634   0x08002634   0x00000258   Code   RO          698    i.HAL_ADC_Init      stm32g4xx_hal_adc.o
    0x0800288c   0x0800288c   0x00000002   Code   RO          699    i.HAL_ADC_LevelOutOfWindowCallback  stm32g4xx_hal_adc.o
    0x0800288e   0x0800288e   0x00000002   PAD
    0x08002890   0x08002890   0x00000114   Code   RO          448    i.HAL_ADC_MspInit   stm32g4xx_hal_msp.o
    0x080029a4   0x080029a4   0x0000016c   Code   RO          702    i.HAL_ADC_PollForConversion  stm32g4xx_hal_adc.o
    0x08002b10   0x08002b10   0x00000138   Code   RO          704    i.HAL_ADC_Start     stm32g4xx_hal_adc.o
    0x08002c48   0x08002c48   0x0000003e   Code   RO          708    i.HAL_ADC_Stop      stm32g4xx_hal_adc.o
    0x08002c86   0x08002c86   0x00000084   Code   RO         1976    i.HAL_DMA_Abort     stm32g4xx_hal_dma.o
    0x08002d0a   0x08002d0a   0x00000094   Code   RO         1977    i.HAL_DMA_Abort_IT  stm32g4xx_hal_dma.o
    0x08002d9e   0x08002d9e   0x00000004   Code   RO         1979    i.HAL_DMA_GetError  stm32g4xx_hal_dma.o
    0x08002da2   0x08002da2   0x00000002   PAD
    0x08002da4   0x08002da4   0x00000028   Code   RO         1081    i.HAL_Delay         stm32g4xx_hal.o
    0x08002dcc   0x08002dcc   0x000000fc   Code   RO         1680    i.HAL_FLASHEx_Erase  stm32g4xx_hal_flash_ex.o
    0x08002ec8   0x08002ec8   0x0000001c   Code   RO         1559    i.HAL_FLASH_Lock    stm32g4xx_hal_flash.o
    0x08002ee4   0x08002ee4   0x00000084   Code   RO         1564    i.HAL_FLASH_Program  stm32g4xx_hal_flash.o
    0x08002f68   0x08002f68   0x0000002c   Code   RO         1566    i.HAL_FLASH_Unlock  stm32g4xx_hal_flash.o
    0x08002f94   0x08002f94   0x00000050   Code   RO           21    i.HAL_GPIO_EXTI_Callback  main.o
    0x08002fe4   0x08002fe4   0x00000018   Code   RO         1837    i.HAL_GPIO_EXTI_IRQHandler  stm32g4xx_hal_gpio.o
    0x08002ffc   0x08002ffc   0x0000021c   Code   RO         1838    i.HAL_GPIO_Init     stm32g4xx_hal_gpio.o
    0x08003218   0x08003218   0x0000000c   Code   RO         1842    i.HAL_GPIO_WritePin  stm32g4xx_hal_gpio.o
    0x08003224   0x08003224   0x0000000c   Code   RO         1085    i.HAL_GetTick       stm32g4xx_hal.o
    0x08003230   0x08003230   0x0000005a   Code   RO         3072    i.HAL_I2CEx_ConfigAnalogFilter  stm32g4xx_hal_i2c_ex.o
    0x0800328a   0x0800328a   0x00000056   Code   RO         3073    i.HAL_I2CEx_ConfigDigitalFilter  stm32g4xx_hal_i2c_ex.o
    0x080032e0   0x080032e0   0x000000be   Code   RO         2621    i.HAL_I2C_Init      stm32g4xx_hal_i2c.o
    0x0800339e   0x0800339e   0x00000002   PAD
    0x080033a0   0x080033a0   0x000001b0   Code   RO         2639    i.HAL_I2C_Mem_Read  stm32g4xx_hal_i2c.o
    0x08003550   0x08003550   0x00000080   Code   RO          450    i.HAL_I2C_MspInit   stm32g4xx_hal_msp.o
    0x080035d0   0x080035d0   0x00000010   Code   RO         1088    i.HAL_IncTick       stm32g4xx_hal.o
    0x080035e0   0x080035e0   0x0000001e   Code   RO         1089    i.HAL_Init          stm32g4xx_hal.o
    0x080035fe   0x080035fe   0x00000002   PAD
    0x08003600   0x08003600   0x0000004c   Code   RO         1090    i.HAL_InitTick      stm32g4xx_hal.o
    0x0800364c   0x0800364c   0x00000030   Code   RO          451    i.HAL_MspInit       stm32g4xx_hal_msp.o
    0x0800367c   0x0800367c   0x0000001c   Code   RO         2485    i.HAL_NVIC_EnableIRQ  stm32g4xx_hal_cortex.o
    0x08003698   0x08003698   0x00000068   Code   RO         2491    i.HAL_NVIC_SetPriority  stm32g4xx_hal_cortex.o
    0x08003700   0x08003700   0x00000024   Code   RO         2492    i.HAL_NVIC_SetPriorityGrouping  stm32g4xx_hal_cortex.o
    0x08003724   0x08003724   0x000000dc   Code   RO         2241    i.HAL_PWREx_ControlVoltageScaling  stm32g4xx_hal_pwr_ex.o
    0x08003800   0x08003800   0x00000010   Code   RO         2253    i.HAL_PWREx_DisableUCPDDeadBattery  stm32g4xx_hal_pwr_ex.o
    0x08003810   0x08003810   0x0000035c   Code   RO         1439    i.HAL_RCCEx_PeriphCLKConfig  stm32g4xx_hal_rcc_ex.o
    0x08003b6c   0x08003b6c   0x00000204   Code   RO         1309    i.HAL_RCC_ClockConfig  stm32g4xx_hal_rcc.o
    0x08003d70   0x08003d70   0x0000000c   Code   RO         1315    i.HAL_RCC_GetHCLKFreq  stm32g4xx_hal_rcc.o
    0x08003d7c   0x08003d7c   0x00000024   Code   RO         1317    i.HAL_RCC_GetPCLK1Freq  stm32g4xx_hal_rcc.o
    0x08003da0   0x08003da0   0x00000024   Code   RO         1318    i.HAL_RCC_GetPCLK2Freq  stm32g4xx_hal_rcc.o
    0x08003dc4   0x08003dc4   0x0000006c   Code   RO         1319    i.HAL_RCC_GetSysClockFreq  stm32g4xx_hal_rcc.o
    0x08003e30   0x08003e30   0x00000524   Code   RO         1322    i.HAL_RCC_OscConfig  stm32g4xx_hal_rcc.o
    0x08004354   0x08004354   0x00000028   Code   RO         2496    i.HAL_SYSTICK_Config  stm32g4xx_hal_cortex.o
    0x0800437c   0x0800437c   0x00000002   Code   RO         3853    i.HAL_TIMEx_Break2Callback  stm32g4xx_hal_tim_ex.o
    0x0800437e   0x0800437e   0x00000002   Code   RO         3854    i.HAL_TIMEx_BreakCallback  stm32g4xx_hal_tim_ex.o
    0x08004380   0x08004380   0x00000002   Code   RO         3855    i.HAL_TIMEx_CommutCallback  stm32g4xx_hal_tim_ex.o
    0x08004382   0x08004382   0x00000002   Code   RO         3866    i.HAL_TIMEx_DirectionChangeCallback  stm32g4xx_hal_tim_ex.o
    0x08004384   0x08004384   0x00000002   Code   RO         3880    i.HAL_TIMEx_EncoderIndexCallback  stm32g4xx_hal_tim_ex.o
    0x08004386   0x08004386   0x00000002   Code   RO         3894    i.HAL_TIMEx_IndexErrorCallback  stm32g4xx_hal_tim_ex.o
    0x08004388   0x08004388   0x000000bc   Code   RO         3895    i.HAL_TIMEx_MasterConfigSynchronization  stm32g4xx_hal_tim_ex.o
    0x08004444   0x08004444   0x00000002   Code   RO         3916    i.HAL_TIMEx_TransitionErrorCallback  stm32g4xx_hal_tim_ex.o
    0x08004446   0x08004446   0x00000064   Code   RO         3128    i.HAL_TIM_Base_Init  stm32g4xx_hal_tim.o
    0x080044aa   0x080044aa   0x00000002   PAD
    0x080044ac   0x080044ac   0x00000054   Code   RO          453    i.HAL_TIM_Base_MspInit  stm32g4xx_hal_msp.o
    0x08004500   0x08004500   0x00000094   Code   RO         3133    i.HAL_TIM_Base_Start_IT  stm32g4xx_hal_tim.o
    0x08004594   0x08004594   0x00000118   Code   RO         3137    i.HAL_TIM_ConfigClockSource  stm32g4xx_hal_tim.o
    0x080046ac   0x080046ac   0x00000002   Code   RO         3162    i.HAL_TIM_IC_CaptureCallback  stm32g4xx_hal_tim.o
    0x080046ae   0x080046ae   0x0000020a   Code   RO         3176    i.HAL_TIM_IRQHandler  stm32g4xx_hal_tim.o
    0x080048b8   0x080048b8   0x00000002   Code   RO         3179    i.HAL_TIM_OC_DelayElapsedCallback  stm32g4xx_hal_tim.o
    0x080048ba   0x080048ba   0x00000002   Code   RO         3206    i.HAL_TIM_PWM_PulseFinishedCallback  stm32g4xx_hal_tim.o
    0x080048bc   0x080048bc   0x00000002   Code   RO         3214    i.HAL_TIM_PeriodElapsedCallback  stm32g4xx_hal_tim.o
    0x080048be   0x080048be   0x00000002   Code   RO         3219    i.HAL_TIM_TriggerCallback  stm32g4xx_hal_tim.o
    0x080048c0   0x080048c0   0x0000003e   Code   RO         4707    i.HAL_UARTEx_DisableFifoMode  stm32g4xx_hal_uart_ex.o
    0x080048fe   0x080048fe   0x00000002   Code   RO         4291    i.HAL_UARTEx_RxEventCallback  stm32g4xx_hal_uart.o
    0x08004900   0x08004900   0x00000002   Code   RO         4714    i.HAL_UARTEx_RxFifoFullCallback  stm32g4xx_hal_uart_ex.o
    0x08004902   0x08004902   0x0000004c   Code   RO         4715    i.HAL_UARTEx_SetRxFifoThreshold  stm32g4xx_hal_uart_ex.o
    0x0800494e   0x0800494e   0x0000004c   Code   RO         4716    i.HAL_UARTEx_SetTxFifoThreshold  stm32g4xx_hal_uart_ex.o
    0x0800499a   0x0800499a   0x00000002   Code   RO         4718    i.HAL_UARTEx_TxFifoEmptyCallback  stm32g4xx_hal_uart_ex.o
    0x0800499c   0x0800499c   0x00000002   Code   RO         4719    i.HAL_UARTEx_WakeupCallback  stm32g4xx_hal_uart_ex.o
    0x0800499e   0x0800499e   0x0000010a   Code   RO         4292    i.HAL_UART_Abort    stm32g4xx_hal_uart.o
    0x08004aa8   0x08004aa8   0x00000048   Code   RO           22    i.HAL_UART_ErrorCallback  main.o
    0x08004af0   0x08004af0   0x0000000c   Code   RO         4309    i.HAL_UART_GetState  stm32g4xx_hal_uart.o
    0x08004afc   0x08004afc   0x0000033c   Code   RO         4310    i.HAL_UART_IRQHandler  stm32g4xx_hal_uart.o
    0x08004e38   0x08004e38   0x00000070   Code   RO         4311    i.HAL_UART_Init     stm32g4xx_hal_uart.o
    0x08004ea8   0x08004ea8   0x00000150   Code   RO          455    i.HAL_UART_MspInit  stm32g4xx_hal_msp.o
    0x08004ff8   0x08004ff8   0x0000005e   Code   RO         4316    i.HAL_UART_Receive_IT  stm32g4xx_hal_uart.o
    0x08005056   0x08005056   0x00000002   PAD
    0x08005058   0x08005058   0x00000078   Code   RO           23    i.HAL_UART_RxCpltCallback  main.o
    0x080050d0   0x080050d0   0x000000d6   Code   RO         4320    i.HAL_UART_Transmit  stm32g4xx_hal_uart.o
    0x080051a6   0x080051a6   0x00000002   Code   RO         4323    i.HAL_UART_TxCpltCallback  stm32g4xx_hal_uart.o
    0x080051a8   0x080051a8   0x00000002   Code   RO          339    i.HardFault_Handler  stm32g4xx_it.o
    0x080051aa   0x080051aa   0x00000022   Code   RO         2668    i.I2C_Flush_TXDR    stm32g4xx_hal_i2c.o
    0x080051cc   0x080051cc   0x00000124   Code   RO         2676    i.I2C_IsErrorOccurred  stm32g4xx_hal_i2c.o
    0x080052f0   0x080052f0   0x0000007c   Code   RO         2679    i.I2C_RequestMemoryRead  stm32g4xx_hal_i2c.o
    0x0800536c   0x0800536c   0x00000038   Code   RO         2683    i.I2C_TransferConfig  stm32g4xx_hal_i2c.o
    0x080053a4   0x080053a4   0x0000006c   Code   RO         2685    i.I2C_WaitOnFlagUntilTimeout  stm32g4xx_hal_i2c.o
    0x08005410   0x08005410   0x00000058   Code   RO         2687    i.I2C_WaitOnSTOPFlagUntilTimeout  stm32g4xx_hal_i2c.o
    0x08005468   0x08005468   0x0000005e   Code   RO         2688    i.I2C_WaitOnTXISFlagUntilTimeout  stm32g4xx_hal_i2c.o
    0x080054c6   0x080054c6   0x00000012   Code   RO          596    i.LCD_Clear         lcd.o
    0x080054d8   0x080054d8   0x0000002c   Code   RO          597    i.LCD_Enable        lcd.o
    0x08005504   0x08005504   0x00000022   Code   RO          599    i.LCD_Gotoxy        lcd.o
    0x08005526   0x08005526   0x00000002   PAD
    0x08005528   0x08005528   0x0000006c   Code   RO          600    i.LCD_Init          lcd.o
    0x08005594   0x08005594   0x00000028   Code   RO          601    i.LCD_Putc          lcd.o
    0x080055bc   0x080055bc   0x00000016   Code   RO          602    i.LCD_Puts          lcd.o
    0x080055d2   0x080055d2   0x00000002   PAD
    0x080055d4   0x080055d4   0x00000044   Code   RO          603    i.LCD_Send4Bit      lcd.o
    0x08005618   0x08005618   0x0000001c   Code   RO          604    i.LCD_SendCommand   lcd.o
    0x08005634   0x08005634   0x0000008c   Code   RO           24    i.MX_ADC1_Init      main.o
    0x080056c0   0x080056c0   0x000000bc   Code   RO           25    i.MX_ADC2_Init      main.o
    0x0800577c   0x0800577c   0x00000110   Code   RO           26    i.MX_GPIO_Init      main.o
    0x0800588c   0x0800588c   0x0000004c   Code   RO           27    i.MX_I2C2_Init      main.o
    0x080058d8   0x080058d8   0x00000068   Code   RO           28    i.MX_TIM20_Init     main.o
    0x08005940   0x08005940   0x00000068   Code   RO           29    i.MX_TIM8_Init      main.o
    0x080059a8   0x080059a8   0x00000058   Code   RO           30    i.MX_USART1_UART_Init  main.o
    0x08005a00   0x08005a00   0x00000058   Code   RO           31    i.MX_USART2_UART_Init  main.o
    0x08005a58   0x08005a58   0x00000058   Code   RO           32    i.MX_USART3_UART_Init  main.o
    0x08005ab0   0x08005ab0   0x00000002   Code   RO          340    i.MemManage_Handler  stm32g4xx_it.o
    0x08005ab2   0x08005ab2   0x00000002   Code   RO          341    i.NMI_Handler       stm32g4xx_it.o
    0x08005ab4   0x08005ab4   0x00000002   Code   RO          342    i.PendSV_Handler    stm32g4xx_it.o
    0x08005ab6   0x08005ab6   0x00000002   PAD
    0x08005ab8   0x08005ab8   0x00000048   Code   RO         1323    i.RCC_GetSysClockFreqFromPLLSource  stm32g4xx_hal_rcc.o
    0x08005b00   0x08005b00   0x00000002   Code   RO          343    i.SVC_Handler       stm32g4xx_it.o
    0x08005b02   0x08005b02   0x00000004   Code   RO          344    i.SysTick_Handler   stm32g4xx_it.o
    0x08005b06   0x08005b06   0x00000062   Code   RO           33    i.SystemClock_Config  main.o
    0x08005b68   0x08005b68   0x0000001c   Code   RO         4825    i.SystemInit        system_stm32g4xx.o
    0x08005b84   0x08005b84   0x00000048   Code   RO          345    i.TIM20_UP_IRQHandler  stm32g4xx_it.o
    0x08005bcc   0x08005bcc   0x000000dc   Code   RO         3221    i.TIM_Base_SetConfig  stm32g4xx_hal_tim.o
    0x08005ca8   0x08005ca8   0x00000016   Code   RO         3232    i.TIM_ETR_SetConfig  stm32g4xx_hal_tim.o
    0x08005cbe   0x08005cbe   0x00000014   Code   RO         3233    i.TIM_ITRx_SetConfig  stm32g4xx_hal_tim.o
    0x08005cd2   0x08005cd2   0x00000026   Code   RO         3241    i.TIM_TI1_ConfigInputStage  stm32g4xx_hal_tim.o
    0x08005cf8   0x08005cf8   0x00000024   Code   RO         3243    i.TIM_TI2_ConfigInputStage  stm32g4xx_hal_tim.o
    0x08005d1c   0x08005d1c   0x00000054   Code   RO         4720    i.UARTEx_SetNbDataToProcess  stm32g4xx_hal_uart_ex.o
    0x08005d70   0x08005d70   0x000000d8   Code   RO         4325    i.UART_AdvFeatureConfig  stm32g4xx_hal_uart.o
    0x08005e48   0x08005e48   0x00000068   Code   RO         4326    i.UART_CheckIdleState  stm32g4xx_hal_uart.o
    0x08005eb0   0x08005eb0   0x00000014   Code   RO         4327    i.UART_DMAAbortOnError  stm32g4xx_hal_uart.o
    0x08005ec4   0x08005ec4   0x00000050   Code   RO         4337    i.UART_EndRxTransfer  stm32g4xx_hal_uart.o
    0x08005f14   0x08005f14   0x00000024   Code   RO         4338    i.UART_EndTransmit_IT  stm32g4xx_hal_uart.o
    0x08005f38   0x08005f38   0x000000a2   Code   RO         4340    i.UART_RxISR_16BIT  stm32g4xx_hal_uart.o
    0x08005fda   0x08005fda   0x00000002   PAD
    0x08005fdc   0x08005fdc   0x00000188   Code   RO         4341    i.UART_RxISR_16BIT_FIFOEN  stm32g4xx_hal_uart.o
    0x08006164   0x08006164   0x000000a2   Code   RO         4342    i.UART_RxISR_8BIT   stm32g4xx_hal_uart.o
    0x08006206   0x08006206   0x00000002   PAD
    0x08006208   0x08006208   0x00000188   Code   RO         4343    i.UART_RxISR_8BIT_FIFOEN  stm32g4xx_hal_uart.o
    0x08006390   0x08006390   0x00000348   Code   RO         4344    i.UART_SetConfig    stm32g4xx_hal_uart.o
    0x080066d8   0x080066d8   0x00000134   Code   RO         4346    i.UART_Start_Receive_IT  stm32g4xx_hal_uart.o
    0x0800680c   0x0800680c   0x000000e2   Code   RO         4351    i.UART_WaitOnFlagUntilTimeout  stm32g4xx_hal_uart.o
    0x080068ee   0x080068ee   0x00000002   PAD
    0x080068f0   0x080068f0   0x00000014   Code   RO          346    i.USART1_IRQHandler  stm32g4xx_it.o
    0x08006904   0x08006904   0x0000000c   Code   RO          347    i.USART2_IRQHandler  stm32g4xx_it.o
    0x08006910   0x08006910   0x00000024   Code   RO          348    i.USART3_IRQHandler  stm32g4xx_it.o
    0x08006934   0x08006934   0x00000002   Code   RO          349    i.UsageFault_Handler  stm32g4xx_it.o
    0x08006936   0x08006936   0x00000002   PAD
    0x08006938   0x08006938   0x00000020   Code   RO         5101    i.__0printf         mc_w.l(printfa.o)
    0x08006958   0x08006958   0x00000028   Code   RO         5103    i.__0sprintf        mc_w.l(printfa.o)
    0x08006980   0x08006980   0x00000024   Code   RO         5107    i.__0vsprintf       mc_w.l(printfa.o)
    0x080069a4   0x080069a4   0x0000000e   Code   RO         5204    i.__scatterload_copy  mc_w.l(handlers.o)
    0x080069b2   0x080069b2   0x00000002   Code   RO         5205    i.__scatterload_null  mc_w.l(handlers.o)
    0x080069b4   0x080069b4   0x0000000e   Code   RO         5206    i.__scatterload_zeroinit  mc_w.l(handlers.o)
    0x080069c2   0x080069c2   0x00000002   PAD
    0x080069c4   0x080069c4   0x00000184   Code   RO         5108    i._fp_digits        mc_w.l(printfa.o)
    0x08006b48   0x08006b48   0x0000000e   Code   RO         5137    i._is_digit         mc_w.l(scanf_fp.o)
    0x08006b56   0x08006b56   0x00000002   PAD
    0x08006b58   0x08006b58   0x000006b4   Code   RO         5109    i._printf_core      mc_w.l(printfa.o)
    0x0800720c   0x0800720c   0x00000024   Code   RO         5110    i._printf_post_padding  mc_w.l(printfa.o)
    0x08007230   0x08007230   0x0000002e   Code   RO         5111    i._printf_pre_padding  mc_w.l(printfa.o)
    0x0800725e   0x0800725e   0x0000000a   Code   RO         5113    i._sputc            mc_w.l(printfa.o)
    0x08007268   0x08007268   0x00000034   Code   RO           34    i.check             main.o
    0x0800729c   0x0800729c   0x00000014   Code   RO          605    i.delay_us          lcd.o
    0x080072b0   0x080072b0   0x00000018   Code   RO           35    i.fputc             main.o
    0x080072c8   0x080072c8   0x00000054   Code   RO           37    i.laythoigian       main.o
    0x0800731c   0x0800731c   0x0000002a   Code   RO          606    i.lcdprintf         lcd.o
    0x08007346   0x08007346   0x00000002   PAD
    0x08007348   0x08007348   0x000000b0   Code   RO           38    i.loadValue         main.o
    0x080073f8   0x080073f8   0x000002c8   Code   RO           39    i.main              main.o
    0x080076c0   0x080076c0   0x000000f4   Code   RO           40    i.scan_ADC          main.o
    0x080077b4   0x080077b4   0x00000120   Code   RO           41    i.storeValue        main.o
    0x080078d4   0x080078d4   0x00000018   Data   RO         4352    .constdata          stm32g4xx_hal_uart.o
    0x080078ec   0x080078ec   0x00000010   Data   RO         4722    .constdata          stm32g4xx_hal_uart_ex.o
    0x080078fc   0x080078fc   0x00000010   Data   RO         4826    .constdata          system_stm32g4xx.o
    0x0800790c   0x0800790c   0x00000008   Data   RO         4827    .constdata          system_stm32g4xx.o
    0x08007914   0x08007914   0x00000040   Data   RO         5200    .constdata          mc_w.l(ctype_c.o)
    0x08007954   0x08007954   0x00000020   Data   RO         5202    Region$$Table       anon$$obj.o


    Execution Region RW_IRAM1 (Exec base: 0x20000000, Load base: 0x08007974, Size: 0x00000d98, Max: 0x00020000, ABSOLUTE)

    Exec Addr    Load Addr    Size         Type   Attr      Idx    E Section Name        Object

    0x20000000   0x08007974   0x00000013   Data   RW           44    .data               main.o
    0x20000013   0x08007987   0x00000001   Data   RW           45    .data               main.o
    0x20000014   0x08007988   0x00000004   Data   RW          456    .data               stm32g4xx_hal_msp.o
    0x20000018   0x0800798c   0x00000004   Data   RW          528    .data               gps.o
    0x2000001c   0x08007990   0x0000000c   Data   RW         1109    .data               stm32g4xx_hal.o
    0x20000028   0x0800799c   0x00000020   Data   RW         1567    .data               stm32g4xx_hal_flash.o
    0x20000048   0x080079bc   0x00000004   Data   RW         4828    .data               system_stm32g4xx.o
    0x2000004c   0x080079c0   0x00000004   Data   RW         5161    .data               mc_w.l(stdout.o)
    0x20000050        -       0x000007e9   Zero   RW           42    .bss                main.o
    0x20000839   0x080079c4   0x00000003   PAD
    0x2000083c        -       0x00000158   Zero   RW          527    .bss                gps.o
    0x20000994   0x080079c4   0x00000004   PAD
    0x20000998        -       0x00000400   Zero   RW            1    STACK               startup_stm32g473xx.o


==============================================================================

Image component sizes


      Code (inc. data)   RO Data    RW Data    ZI Data      Debug   Object Name

       880        254          0          4        344       6259   gps.o
       424         20          0          0          0       7177   lcd.o
      3494        762          0         20       2025     797035   main.o
        36          8        472          0       1024        848   startup_stm32g473xx.o
       174         24          0         12          0       4421   stm32g4xx_hal.o
      4086        144          0          0          0      86560   stm32g4xx_hal_adc.o
       570         30          0          0          0      72902   stm32g4xx_hal_adc_ex.o
       208         16          0          0          0      33623   stm32g4xx_hal_cortex.o
       284          0          0          0          0       2402   stm32g4xx_hal_dma.o
       396         42          0         32          0      23890   stm32g4xx_hal_flash.o
       488         24          0          0          0       3394   stm32g4xx_hal_flash_ex.o
       576         22          0          0          0       2987   stm32g4xx_hal_gpio.o
      1418         26          0          0          0      10590   stm32g4xx_hal_i2c.o
       176          0          0          0          0       2035   stm32g4xx_hal_i2c_ex.o
       872         72          0          4          0       4664   stm32g4xx_hal_msp.o
       236         18          0          0          0       1497   stm32g4xx_hal_pwr_ex.o
      2096         88          0          0          0       8384   stm32g4xx_hal_rcc.o
       860         10          0          0          0       2072   stm32g4xx_hal_rcc_ex.o
      1396         54          0          0          0      10863   stm32g4xx_hal_tim.o
       202         12          0          0          0       5768   stm32g4xx_hal_tim_ex.o
      4468         84         24          0          0      39686   stm32g4xx_hal_uart.o
       304          4         16          0          0       5602   stm32g4xx_hal_uart_ex.o
       210         56          0          0          0       7367   stm32g4xx_it.o
        28          8         24          4          0       1203   system_stm32g4xx.o

    ----------------------------------------------------------------------
     23916       1778        568         76       3400    1141229   Object Totals
         0          0         32          0          0          0   (incl. Generated)
        34          0          0          0          7          0   (incl. Padding)

    ----------------------------------------------------------------------

      Code (inc. data)   RO Data    RW Data    ZI Data      Debug   Library Member Name

        56          8          0          0          0         84   __0sscanf.o
        28          0          0          0          0         68   _chval.o
       816          6          0          0          0        112   _scanf.o
       332          0          0          0          0         96   _scanf_int.o
       224          0          0          0          0         96   _scanf_str.o
        64          0          0          0          0         84   _sgetc.o
        40          6         64          0          0         68   ctype_c.o
         0          0          0          0          0          0   entry.o
         0          0          0          0          0          0   entry10a.o
         0          0          0          0          0          0   entry11a.o
         4          0          0          0          0          0   entry12b.o
         8          4          0          0          0          0   entry2.o
         4          0          0          0          0          0   entry5.o
         0          0          0          0          0          0   entry7b.o
         0          0          0          0          0          0   entry8b.o
         8          4          0          0          0          0   entry9a.o
        30          0          0          0          0          0   handlers.o
        36          8          0          0          0         68   init.o
        10          0          0          0          0         68   isspace_c.o
         0          0          0          0          0          0   iusefp.o
        30          0          0          0          0         68   llshl.o
        36          0          0          0          0         68   llsshr.o
        32          0          0          0          0         68   llushr.o
        36          0          0          0          0        108   memseta.o
      2304        102          0          0          0        696   printfa.o
        40          8          0          0          0         84   scanf_char.o
       878         12          0          0          0        216   scanf_fp.o
         0          0          0          4          0          0   stdout.o
        30          0          0          0          0         80   strncmp.o
        44          0          0          0          0         80   uidiv.o
        98          0          0          0          0         92   uldiv.o
        48          0          0          0          0         68   cdrcmple.o
        56          0          0          0          0         88   d2f.o
       334          0          0          0          0        148   dadd.o
       222          0          0          0          0        100   ddiv.o
       186          0          0          0          0        176   depilogue.o
        50          0          0          0          0         76   dfixui.o
        48          0          0          0          0         68   dfixul.o
        24          0          0          0          0         76   dfltul.o
       228          0          0          0          0         96   dmul.o
        38          0          0          0          0         68   f2d.o
       110          0          0          0          0        168   fepilogue.o

    ----------------------------------------------------------------------
      6544        158         64          4          0       3436   Library Totals
        12          0          0          0          0          0   (incl. Padding)

    ----------------------------------------------------------------------

      Code (inc. data)   RO Data    RW Data    ZI Data      Debug   Library Name

      5188        158         64          4          0       2304   mc_w.l
      1344          0          0          0          0       1132   mf_w.l

    ----------------------------------------------------------------------
      6544        158         64          4          0       3436   Library Totals

    ----------------------------------------------------------------------

==============================================================================


      Code (inc. data)   RO Data    RW Data    ZI Data      Debug   

     30460       1936        632         80       3400    1126049   Grand Totals
     30460       1936        632         80       3400    1126049   ELF Image Totals
     30460       1936        632         80          0          0   ROM Totals

==============================================================================

    Total RO  Size (Code + RO Data)                31092 (  30.36kB)
    Total RW  Size (RW Data + ZI Data)              3480 (   3.40kB)
    Total ROM Size (Code + RO Data + RW Data)      31172 (  30.44kB)

==============================================================================

